[    0.000000] Initializing cgroup subsys cpuset
[    0.000000] Initializing cgroup subsys cpu
[    0.000000] Initializing cgroup subsys cpuacct
[    0.000000] Linux version 3.16.0-29-generic (buildd@tipua) (gcc version 4.9.1 (Ubuntu 4.9.1-16ubuntu6) ) #39-Ubuntu SMP Mon Dec 15 22:27:29 UTC 2014 (Ubuntu 3.16.0-29.39-generic 3.16.7-ckt2)
[    0.000000] Command line: BOOT_IMAGE=/vmlinuz-3.16.0-29-generic root=UUID=a0d8fd01-a88b-438d-89d7-33acffe0b759 ro quiet splash vt.handoff=7
[    0.000000] KERNEL supported cpus:
[    0.000000]   Intel GenuineIntel
[    0.000000]   AMD AuthenticAMD
[    0.000000]   Centaur CentaurHauls
[    0.000000] e820: BIOS-provided physical RAM map:
[    0.000000] BIOS-e820: [mem 0x0000000000000000-0x000000000009ebff] usable
[    0.000000] BIOS-e820: [mem 0x000000000009ec00-0x000000000009ffff] reserved
[    0.000000] BIOS-e820: [mem 0x00000000000e0000-0x00000000000fffff] reserved
[    0.000000] BIOS-e820: [mem 0x0000000000100000-0x00000000ac6bcfff] usable
[    0.000000] BIOS-e820: [mem 0x00000000ac6bd000-0x00000000acebcfff] reserved
[    0.000000] BIOS-e820: [mem 0x00000000acebd000-0x00000000acfbcfff] ACPI NVS
[    0.000000] BIOS-e820: [mem 0x00000000acfbd000-0x00000000acffefff] ACPI data
[    0.000000] BIOS-e820: [mem 0x00000000acfff000-0x00000000acffffff] usable
[    0.000000] BIOS-e820: [mem 0x00000000ad000000-0x00000000af9fffff] reserved
[    0.000000] BIOS-e820: [mem 0x00000000e0000000-0x00000000efffffff] reserved
[    0.000000] BIOS-e820: [mem 0x00000000fec00000-0x00000000fec00fff] reserved
[    0.000000] BIOS-e820: [mem 0x00000000fed10000-0x00000000fed13fff] reserved
[    0.000000] BIOS-e820: [mem 0x00000000fed18000-0x00000000fed19fff] reserved
[    0.000000] BIOS-e820: [mem 0x00000000fed1c000-0x00000000fed1ffff] reserved
[    0.000000] BIOS-e820: [mem 0x00000000fee00000-0x00000000fee00fff] reserved
[    0.000000] BIOS-e820: [mem 0x00000000ffd80000-0x00000000ffffffff] reserved
[    0.000000] BIOS-e820: [mem 0x0000000100000000-0x000000014f7fffff] usable
[    0.000000] NX (Execute Disable) protection: active
[    0.000000] SMBIOS 2.6 present.
[    0.000000] DMI: Hewlett-Packard HP ProBook 4431s/167E, BIOS 68SRR Ver. F.40 03/12/2013
[    0.000000] e820: update [mem 0x00000000-0x00000fff] usable ==> reserved
[    0.000000] e820: remove [mem 0x000a0000-0x000fffff] usable
[    0.000000] AGP: No AGP bridge found
[    0.000000] e820: last_pfn = 0x14f800 max_arch_pfn = 0x400000000
[    0.000000] MTRR default type: uncachable
[    0.000000] MTRR fixed ranges enabled:
[    0.000000]   00000-9FFFF write-back
[    0.000000]   A0000-BFFFF uncachable
[    0.000000]   C0000-FFFFF write-protect
[    0.000000] MTRR variable ranges enabled:
[    0.000000]   0 base 0FFC00000 mask FFFC00000 write-protect
[    0.000000]   1 base 000000000 mask F80000000 write-back
[    0.000000]   2 base 080000000 mask FC0000000 write-back
[    0.000000]   3 base 0B0000000 mask FF0000000 uncachable
[    0.000000]   4 base 0AE000000 mask FFE000000 uncachable
[    0.000000]   5 base 0AD800000 mask FFF800000 uncachable
[    0.000000]   6 base 100000000 mask FC0000000 write-back
[    0.000000]   7 base 140000000 mask FE0000000 write-back
[    0.000000]   8 base 150000000 mask FF0000000 uncachable
[    0.000000]   9 disabled
[    0.000000] x86 PAT enabled: cpu 0, old 0x7040600070406, new 0x7010600070106
[    0.000000] e820: last_pfn = 0xad000 max_arch_pfn = 0x400000000
[    0.000000] Scanning 1 areas for low memory corruption
[    0.000000] Base memory trampoline at [ffff880000098000] 98000 size 24576
[    0.000000] reserving inaccessible SNB gfx pages
[    0.000000] init_memory_mapping: [mem 0x00000000-0x000fffff]
[    0.000000]  [mem 0x00000000-0x000fffff] page 4k
[    0.000000] BRK [0x01fd2000, 0x01fd2fff] PGTABLE
[    0.000000] BRK [0x01fd3000, 0x01fd3fff] PGTABLE
[    0.000000] BRK [0x01fd4000, 0x01fd4fff] PGTABLE
[    0.000000] init_memory_mapping: [mem 0x14f600000-0x14f7fffff]
[    0.000000]  [mem 0x14f600000-0x14f7fffff] page 2M
[    0.000000] BRK [0x01fd5000, 0x01fd5fff] PGTABLE
[    0.000000] init_memory_mapping: [mem 0x14c000000-0x14f5fffff]
[    0.000000]  [mem 0x14c000000-0x14f5fffff] page 2M
[    0.000000] init_memory_mapping: [mem 0x100000000-0x14bffffff]
[    0.000000]  [mem 0x100000000-0x14bffffff] page 2M
[    0.000000] BRK [0x01fd6000, 0x01fd6fff] PGTABLE
[    0.000000] init_memory_mapping: [mem 0x00100000-0xac6bcfff]
[    0.000000]  [mem 0x00100000-0x001fffff] page 4k
[    0.000000]  [mem 0x00200000-0xac5fffff] page 2M
[    0.000000]  [mem 0xac600000-0xac6bcfff] page 4k
[    0.000000] init_memory_mapping: [mem 0xacfff000-0xacffffff]
[    0.000000]  [mem 0xacfff000-0xacffffff] page 4k
[    0.000000] BRK [0x01fd7000, 0x01fd7fff] PGTABLE
[    0.000000] RAMDISK: [mem 0x35902000-0x36c78fff]
[    0.000000] ACPI: Early table checksum verification disabled
[    0.000000] ACPI: RSDP 0x00000000000F2F60 000024 (v02 HPQOEM)
[    0.000000] ACPI: XSDT 0x00000000ACFFE120 00007C (v01 HPQOEM SLIC-MPC 0000000F      01000013)
[    0.000000] ACPI: FACP 0x00000000ACFFC000 0000F4 (v03 HPQOEM 167E     0000000F HP   00000001)
[    0.000000] ACPI: DSDT 0x00000000ACFD2000 0248EA (v02 HPQOEM 167E     00000001 INTL 20060912)
[    0.000000] ACPI: FACS 0x00000000ACF98000 000040
[    0.000000] ACPI: HPET 0x00000000ACFFB000 000038 (v01 HPQOEM 167E     00000001 HP   00000001)
[    0.000000] ACPI: APIC 0x00000000ACFFA000 0000BC (v01 HPQOEM 167E     00000001 HP   00000001)
[    0.000000] ACPI: MCFG 0x00000000ACFF9000 00003C (v01 HPQOEM 167E     00000001 HP   00000001)
[    0.000000] ACPI: ASF! 0x00000000ACFF8000 0000A5 (v32 HPQOEM 167E     00000001 HP   00000001)
[    0.000000] ACPI: SSDT 0x00000000ACFCF000 000283 (v01 HPQOEM SataAhci 00001000 INTL 20060912)
[    0.000000] ACPI: SSDT 0x00000000ACFCE000 00048A (v01 HPQOEM PtidDevc 00001000 INTL 20060912)
[    0.000000] ACPI: SSDT 0x00000000ACFCD000 000810 (v01 PmRef  Cpu0Ist  00003000 INTL 20060912)
[    0.000000] ACPI: SSDT 0x00000000ACFCC000 0009B1 (v01 PmRef  CpuPm    00003000 INTL 20060912)
[    0.000000] ACPI: DMAR 0x00000000ACFCB000 0000E8 (v01 INTEL  SNB      00000001 INTL 00000001)
[    0.000000] ACPI: SSDT 0x00000000ACFCA000 000BC0 (v01 SgRef  SgTabl   00001000 INTL 20060912)
[    0.000000] ACPI: Local APIC address 0xfee00000
[    0.000000] No NUMA configuration found
[    0.000000] Faking a node at [mem 0x0000000000000000-0x000000014f7fffff]
[    0.000000] Initmem setup node 0 [mem 0x00000000-0x14f7fffff]
[    0.000000]   NODE_DATA [mem 0x14f7f8000-0x14f7fcfff]
[    0.000000]  [ffffea0000000000-ffffea00053fffff] PMD -> [ffff88014ae00000-ffff88014edfffff] on node 0
[    0.000000] Zone ranges:
[    0.000000]   DMA      [mem 0x00001000-0x00ffffff]
[    0.000000]   DMA32    [mem 0x01000000-0xffffffff]
[    0.000000]   Normal   [mem 0x100000000-0x14f7fffff]
[    0.000000] Movable zone start for each node
[    0.000000] Early memory node ranges
[    0.000000]   node   0: [mem 0x00001000-0x0009dfff]
[    0.000000]   node   0: [mem 0x00100000-0xac6bcfff]
[    0.000000]   node   0: [mem 0xacfff000-0xacffffff]
[    0.000000]   node   0: [mem 0x100000000-0x14f7fffff]
[    0.000000] On node 0 totalpages: 1031771
[    0.000000]   DMA zone: 64 pages used for memmap
[    0.000000]   DMA zone: 157 pages reserved
[    0.000000]   DMA zone: 3997 pages, LIFO batch:0
[    0.000000]   DMA32 zone: 10971 pages used for memmap
[    0.000000]   DMA32 zone: 702142 pages, LIFO batch:31
[    0.000000]   Normal zone: 5088 pages used for memmap
[    0.000000]   Normal zone: 325632 pages, LIFO batch:31
[    0.000000] Reserving Intel graphics stolen memory at 0xada00000-0xaf9fffff
[    0.000000] ACPI: PM-Timer IO Port: 0x408
[    0.000000] ACPI: Local APIC address 0xfee00000
[    0.000000] ACPI: LAPIC (acpi_id[0x00] lapic_id[0x00] enabled)
[    0.000000] ACPI: LAPIC (acpi_id[0x01] lapic_id[0x01] enabled)
[    0.000000] ACPI: LAPIC (acpi_id[0x02] lapic_id[0x02] enabled)
[    0.000000] ACPI: LAPIC (acpi_id[0x03] lapic_id[0x03] enabled)
[    0.000000] ACPI: LAPIC (acpi_id[0x04] lapic_id[0x00] disabled)
[    0.000000] ACPI: LAPIC (acpi_id[0x05] lapic_id[0x00] disabled)
[    0.000000] ACPI: LAPIC (acpi_id[0x06] lapic_id[0x00] disabled)
[    0.000000] ACPI: LAPIC (acpi_id[0x07] lapic_id[0x00] disabled)
[    0.000000] ACPI: LAPIC_NMI (acpi_id[0x00] high edge lint[0x1])
[    0.000000] ACPI: LAPIC_NMI (acpi_id[0x01] high edge lint[0x1])
[    0.000000] ACPI: LAPIC_NMI (acpi_id[0x02] high edge lint[0x1])
[    0.000000] ACPI: LAPIC_NMI (acpi_id[0x03] high edge lint[0x1])
[    0.000000] ACPI: LAPIC_NMI (acpi_id[0x04] high edge lint[0x1])
[    0.000000] ACPI: LAPIC_NMI (acpi_id[0x05] high edge lint[0x1])
[    0.000000] ACPI: LAPIC_NMI (acpi_id[0x06] high edge lint[0x1])
[    0.000000] ACPI: LAPIC_NMI (acpi_id[0x07] high edge lint[0x1])
[    0.000000] ACPI: IOAPIC (id[0x00] address[0xfec00000] gsi_base[0])
[    0.000000] IOAPIC[0]: apic_id 0, version 32, address 0xfec00000, GSI 0-23
[    0.000000] ACPI: INT_SRC_OVR (bus 0 bus_irq 0 global_irq 2 dfl dfl)
[    0.000000] ACPI: INT_SRC_OVR (bus 0 bus_irq 9 global_irq 9 high level)
[    0.000000] ACPI: IRQ0 used by override.
[    0.000000] ACPI: IRQ2 used by override.
[    0.000000] ACPI: IRQ9 used by override.
[    0.000000] Using ACPI (MADT) for SMP configuration information
[    0.000000] ACPI: HPET id: 0x8086a201 base: 0xfed00000
[    0.000000] smpboot: Allowing 8 CPUs, 4 hotplug CPUs
[    0.000000] nr_irqs_gsi: 40
[    0.000000] PM: Registered nosave memory: [mem 0x0009e000-0x0009efff]
[    0.000000] PM: Registered nosave memory: [mem 0x0009f000-0x0009ffff]
[    0.000000] PM: Registered nosave memory: [mem 0x000a0000-0x000dffff]
[    0.000000] PM: Registered nosave memory: [mem 0x000e0000-0x000fffff]
[    0.000000] PM: Registered nosave memory: [mem 0xac6bd000-0xacebcfff]
[    0.000000] PM: Registered nosave memory: [mem 0xacebd000-0xacfbcfff]
[    0.000000] PM: Registered nosave memory: [mem 0xacfbd000-0xacffefff]
[    0.000000] PM: Registered nosave memory: [mem 0xad000000-0xaf9fffff]
[    0.000000] PM: Registered nosave memory: [mem 0xafa00000-0xdfffffff]
[    0.000000] PM: Registered nosave memory: [mem 0xe0000000-0xefffffff]
[    0.000000] PM: Registered nosave memory: [mem 0xf0000000-0xfebfffff]
[    0.000000] PM: Registered nosave memory: [mem 0xfec00000-0xfec00fff]
[    0.000000] PM: Registered nosave memory: [mem 0xfec01000-0xfed0ffff]
[    0.000000] PM: Registered nosave memory: [mem 0xfed10000-0xfed13fff]
[    0.000000] PM: Registered nosave memory: [mem 0xfed14000-0xfed17fff]
[    0.000000] PM: Registered nosave memory: [mem 0xfed18000-0xfed19fff]
[    0.000000] PM: Registered nosave memory: [mem 0xfed1a000-0xfed1bfff]
[    0.000000] PM: Registered nosave memory: [mem 0xfed1c000-0xfed1ffff]
[    0.000000] PM: Registered nosave memory: [mem 0xfed20000-0xfedfffff]
[    0.000000] PM: Registered nosave memory: [mem 0xfee00000-0xfee00fff]
[    0.000000] PM: Registered nosave memory: [mem 0xfee01000-0xffd7ffff]
[    0.000000] PM: Registered nosave memory: [mem 0xffd80000-0xffffffff]
[    0.000000] e820: [mem 0xafa00000-0xdfffffff] available for PCI devices
[    0.000000] Booting paravirtualized kernel on bare hardware
[    0.000000] setup_percpu: NR_CPUS:256 nr_cpumask_bits:256 nr_cpu_ids:8 nr_node_ids:1
[    0.000000] PERCPU: Embedded 28 pages/cpu @ffff88014f400000 s83328 r8192 d23168 u262144
[    0.000000] pcpu-alloc: s83328 r8192 d23168 u262144 alloc=1*2097152
[    0.000000] pcpu-alloc: [0] 0 1 2 3 4 5 6 7 
[    0.000000] Built 1 zonelists in Node order, mobility grouping on.  Total pages: 1015491
[    0.000000] Policy zone: Normal
[    0.000000] Kernel command line: BOOT_IMAGE=/vmlinuz-3.16.0-29-generic root=UUID=a0d8fd01-a88b-438d-89d7-33acffe0b759 ro quiet splash vt.handoff=7
[    0.000000] PID hash table entries: 4096 (order: 3, 32768 bytes)
[    0.000000] xsave: enabled xstate_bv 0x7, cntxt size 0x340
[    0.000000] AGP: Checking aperture...
[    0.000000] AGP: No AGP bridge found
[    0.000000] Calgary: detecting Calgary via BIOS EBDA area
[    0.000000] Calgary: Unable to locate Rio Grande table in EBDA - bailing!
[    0.000000] Memory: 3957508K/4127084K available (7740K kernel code, 1200K rwdata, 3608K rodata, 1356K init, 1308K bss, 169576K reserved)
[    0.000000] SLUB: HWalign=64, Order=0-3, MinObjects=0, CPUs=8, Nodes=1
[    0.000000] Hierarchical RCU implementation.
[    0.000000] 	RCU dyntick-idle grace-period acceleration is enabled.
[    0.000000] 	RCU restricting CPUs from NR_CPUS=256 to nr_cpu_ids=8.
[    0.000000] 	Offload RCU callbacks from all CPUs
[    0.000000] 	Offload RCU callbacks from CPUs: 0-7.
[    0.000000] RCU: Adjusting geometry for rcu_fanout_leaf=16, nr_cpu_ids=8
[    0.000000] NR_IRQS:16640 nr_irqs:744 16
[    0.000000] vt handoff: transparent VT on vt#7
[    0.000000] Console: colour dummy device 80x25
[    0.000000] console [tty0] enabled
[    0.000000] allocated 16777216 bytes of page_cgroup
[    0.000000] please try 'cgroup_disable=memory' option if you don't want memory cgroups
[    0.000000] hpet clockevent registered
[    0.000000] tsc: Fast TSC calibration using PIT
[    0.000000] tsc: Detected 2693.913 MHz processor
[    0.000032] Calibrating delay loop (skipped), value calculated using timer frequency.. 5387.82 BogoMIPS (lpj=10775652)
[    0.000035] pid_max: default: 32768 minimum: 301
[    0.000041] ACPI: Core revision 20140424
[    0.010948] ACPI: All ACPI Tables successfully acquired
[    0.025012] Security Framework initialized
[    0.025032] AppArmor: AppArmor initialized
[    0.025033] Yama: becoming mindful.
[    0.025292] Dentry cache hash table entries: 524288 (order: 10, 4194304 bytes)
[    0.026254] Inode-cache hash table entries: 262144 (order: 9, 2097152 bytes)
[    0.026700] Mount-cache hash table entries: 8192 (order: 4, 65536 bytes)
[    0.026706] Mountpoint-cache hash table entries: 8192 (order: 4, 65536 bytes)
[    0.026921] Initializing cgroup subsys memory
[    0.026942] Initializing cgroup subsys devices
[    0.026948] Initializing cgroup subsys freezer
[    0.026950] Initializing cgroup subsys net_cls
[    0.026954] Initializing cgroup subsys blkio
[    0.026957] Initializing cgroup subsys perf_event
[    0.026959] Initializing cgroup subsys net_prio
[    0.026965] Initializing cgroup subsys hugetlb
[    0.026985] CPU: Physical Processor ID: 0
[    0.026986] CPU: Processor Core ID: 0
[    0.026990] ENERGY_PERF_BIAS: Set to 'normal', was 'performance'
ENERGY_PERF_BIAS: View and update with x86_energy_perf_policy(8)
[    0.026993] mce: CPU supports 7 MCE banks
[    0.027003] CPU0: Thermal monitoring enabled (TM1)
[    0.027013] Last level iTLB entries: 4KB 512, 2MB 8, 4MB 8
Last level dTLB entries: 4KB 512, 2MB 32, 4MB 32, 1GB 0
tlb_flushall_shift: 6
[    0.027126] Freeing SMP alternatives memory: 32K (ffffffff81e81000 - ffffffff81e89000)
[    0.028361] ftrace: allocating 29305 entries in 115 pages
[    0.041666] dmar: Host address width 36
[    0.041669] dmar: DRHD base: 0x000000fed90000 flags: 0x0
[    0.041675] dmar: IOMMU 0: reg_base_addr fed90000 ver 1:0 cap c0000020e60262 ecap f0101a
[    0.041676] dmar: DRHD base: 0x000000fed91000 flags: 0x1
[    0.041680] dmar: IOMMU 1: reg_base_addr fed91000 ver 1:0 cap c9008020660262 ecap f0105a
[    0.041681] dmar: RMRR base: 0x000000ace9a000 end: 0x000000aceb9fff
[    0.041682] dmar: RMRR base: 0x000000ad800000 end: 0x000000af9fffff
[    0.041753] IOAPIC id 0 under DRHD base  0xfed91000 IOMMU 1
[    0.041754] HPET id 0 under DRHD base 0xfed91000
[    0.041755] HPET id 0 under DRHD base 0xfed91000
[    0.041755] HPET id 0 under DRHD base 0xfed91000
[    0.041756] HPET id 0 under DRHD base 0xfed91000
[    0.041757] HPET id 0 under DRHD base 0xfed91000
[    0.041758] HPET id 0 under DRHD base 0xfed91000
[    0.041759] HPET id 0 under DRHD base 0xfed91000
[    0.041759] HPET id 0 under DRHD base 0xfed91000
[    0.041761] Queued invalidation will be enabled to support x2apic and Intr-remapping.
[    0.041935] Enabled IRQ remapping in x2apic mode
[    0.041936] Enabling x2apic
[    0.041937] Enabled x2apic
[    0.041943] Switched APIC routing to cluster x2apic.
[    0.042387] ..TIMER: vector=0x30 apic1=0 pin1=2 apic2=-1 pin2=-1
[    0.082058] smpboot: CPU0: Intel(R) Core(TM) i7-2620M CPU @ 2.70GHz (fam: 06, model: 2a, stepping: 07)
[    0.082067] TSC deadline timer enabled
[    0.082089] Performance Events: PEBS fmt1+, 16-deep LBR, SandyBridge events, full-width counters, Intel PMU driver.
[    0.082107] perf_event_intel: PEBS disabled due to CPU errata, please upgrade microcode
[    0.082109] ... version:                3
[    0.082110] ... bit width:              48
[    0.082110] ... generic registers:      4
[    0.082111] ... value mask:             0000ffffffffffff
[    0.082112] ... max period:             0000ffffffffffff
[    0.082113] ... fixed-purpose events:   3
[    0.082114] ... event mask:             000000070000000f
[    0.083705] x86: Booting SMP configuration:
[    0.083708] .... node  #0, CPUs:      #1
[    0.096826] NMI watchdog: enabled on all CPUs, permanently consumes one hw-PMU counter.
[    0.096907]  #2 #3
[    0.123080] x86: Booted up 1 node, 4 CPUs
[    0.123084] smpboot: Total of 4 processors activated (21551.30 BogoMIPS)
[    0.126610] devtmpfs: initialized
[    0.128663] evm: security.selinux
[    0.128665] evm: security.SMACK64
[    0.128666] evm: security.SMACK64EXEC
[    0.128666] evm: security.SMACK64TRANSMUTE
[    0.128667] evm: security.SMACK64MMAP
[    0.128668] evm: security.ima
[    0.128669] evm: security.capability
[    0.128721] PM: Registering ACPI NVS region [mem 0xacebd000-0xacfbcfff] (1048576 bytes)
[    0.129515] pinctrl core: initialized pinctrl subsystem
[    0.129577] regulator-dummy: no parameters
[    0.129610] RTC time: 13:29:58, date: 01/24/15
[    0.129659] NET: Registered protocol family 16
[    0.129793] cpuidle: using governor ladder
[    0.129795] cpuidle: using governor menu
[    0.129840] ACPI FADT declares the system doesn't support PCIe ASPM, so disable it
[    0.129842] ACPI: bus type PCI registered
[    0.129843] acpiphp: ACPI Hot Plug PCI Controller Driver version: 0.5
[    0.129915] PCI: MMCONFIG for domain 0000 [bus 00-ff] at [mem 0xe0000000-0xefffffff] (base 0xe0000000)
[    0.129917] PCI: MMCONFIG at [mem 0xe0000000-0xefffffff] reserved in E820
[    0.130204] PCI: Using configuration type 1 for base access
[    0.130366] mtrr: your CPUs had inconsistent variable MTRR settings
[    0.130367] mtrr: probably your BIOS does not setup all CPUs.
[    0.130368] mtrr: corrected configuration.
[    0.135546] ACPI: Added _OSI(Module Device)
[    0.135548] ACPI: Added _OSI(Processor Device)
[    0.135549] ACPI: Added _OSI(3.0 _SCP Extensions)
[    0.135550] ACPI: Added _OSI(Processor Aggregator Device)
[    0.138667] ACPI: Executed 1 blocks of module-level executable AML code
[    0.159161] [Firmware Bug]: ACPI: BIOS _OSI(Linux) query ignored
[    0.183972] ACPI: Dynamic OEM Table Load:
[    0.183979] ACPI: SSDT 0xFFFF880148A68800 00069C (v01 PmRef  Cpu0Cst  00003001 INTL 20060912)
[    0.187380] ACPI: Dynamic OEM Table Load:
[    0.187385] ACPI: SSDT 0xFFFF880148ED9000 000303 (v01 PmRef  ApIst    00003000 INTL 20060912)
[    0.191274] ACPI: Dynamic OEM Table Load:
[    0.191278] ACPI: SSDT 0xFFFF8801489ECC00 000119 (v01 PmRef  ApCst    00003000 INTL 20060912)
[    0.636168] ACPI: Interpreter enabled
[    0.636175] ACPI Exception: AE_NOT_FOUND, While evaluating Sleep State [\_S1_] (20140424/hwxface-580)
[    0.636179] ACPI Exception: AE_NOT_FOUND, While evaluating Sleep State [\_S2_] (20140424/hwxface-580)
[    0.636191] ACPI: (supports S0 S3 S4 S5)
[    0.636193] ACPI: Using IOAPIC for interrupt routing
[    0.636212] PCI: Using host bridge windows from ACPI; if necessary, use "pci=nocrs" and report a bug
[    0.637417] ACPI: Power Resource [APPR] (off)
[    0.639886] ACPI: Power Resource [COMP] (on)
[    0.640034] ACPI: Power Resource [LPP] (on)
[    0.642773] ACPI: PCI Root Bridge [PCI0] (domain 0000 [bus 00-3e])
[    0.642778] acpi PNP0A08:00: _OSC: OS supports [ExtendedConfig ASPM ClockPM Segments MSI]
[    0.644023] acpi PNP0A08:00: _OSC: OS now controls [PCIeHotplug PME AER PCIeCapability]
[    0.644574] PCI host bridge to bus 0000:00
[    0.644577] pci_bus 0000:00: root bus resource [bus 00-3e]
[    0.644579] pci_bus 0000:00: root bus resource [io  0x0000-0x0cf7]
[    0.644580] pci_bus 0000:00: root bus resource [io  0x0d00-0xffff]
[    0.644582] pci_bus 0000:00: root bus resource [mem 0x000a0000-0x000bffff]
[    0.644583] pci_bus 0000:00: root bus resource [mem 0xafa00000-0xdfffffff]
[    0.644585] pci_bus 0000:00: root bus resource [mem 0xf0000000-0xfedfffff]
[    0.644586] pci_bus 0000:00: root bus resource [mem 0xfee01000-0xffffffff]
[    0.644593] pci 0000:00:00.0: [8086:0104] type 00 class 0x060000
[    0.644667] pci 0000:00:01.0: [8086:0101] type 01 class 0x060400
[    0.644697] pci 0000:00:01.0: PME# supported from D0 D3hot D3cold
[    0.644759] pci 0000:00:02.0: [8086:0126] type 00 class 0x030000
[    0.644769] pci 0000:00:02.0: reg 0x10: [mem 0xd4000000-0xd43fffff 64bit]
[    0.644774] pci 0000:00:02.0: reg 0x18: [mem 0xc0000000-0xcfffffff 64bit pref]
[    0.644778] pci 0000:00:02.0: reg 0x20: [io  0x6000-0x603f]
[    0.644868] pci 0000:00:16.0: [8086:1c3a] type 00 class 0x078000
[    0.644891] pci 0000:00:16.0: reg 0x10: [mem 0xd4b04000-0xd4b0400f 64bit]
[    0.644965] pci 0000:00:16.0: PME# supported from D0 D3hot D3cold
[    0.645038] pci 0000:00:1a.0: [8086:1c2d] type 00 class 0x0c0320
[    0.645059] pci 0000:00:1a.0: reg 0x10: [mem 0xd4b09000-0xd4b093ff]
[    0.645147] pci 0000:00:1a.0: PME# supported from D0 D3hot D3cold
[    0.645181] pci 0000:00:1a.0: System wakeup disabled by ACPI
[    0.645221] pci 0000:00:1b.0: [8086:1c20] type 00 class 0x040300
[    0.645237] pci 0000:00:1b.0: reg 0x10: [mem 0xd4b00000-0xd4b03fff 64bit]
[    0.645310] pci 0000:00:1b.0: PME# supported from D0 D3hot D3cold
[    0.645376] pci 0000:00:1c.0: [8086:1c10] type 01 class 0x060400
[    0.645456] pci 0000:00:1c.0: PME# supported from D0 D3hot D3cold
[    0.645523] pci 0000:00:1c.1: [8086:1c12] type 01 class 0x060400
[    0.645603] pci 0000:00:1c.1: PME# supported from D0 D3hot D3cold
[    0.645639] pci 0000:00:1c.1: System wakeup disabled by ACPI
[    0.645674] pci 0000:00:1c.2: [8086:1c14] type 01 class 0x060400
[    0.645754] pci 0000:00:1c.2: PME# supported from D0 D3hot D3cold
[    0.645790] pci 0000:00:1c.2: System wakeup disabled by ACPI
[    0.645826] pci 0000:00:1c.3: [8086:1c16] type 01 class 0x060400
[    0.645906] pci 0000:00:1c.3: PME# supported from D0 D3hot D3cold
[    0.645942] pci 0000:00:1c.3: System wakeup disabled by ACPI
[    0.645978] pci 0000:00:1c.5: [8086:1c1a] type 01 class 0x060400
[    0.646058] pci 0000:00:1c.5: PME# supported from D0 D3hot D3cold
[    0.646093] pci 0000:00:1c.5: System wakeup disabled by ACPI
[    0.646129] pci 0000:00:1c.7: [8086:1c1e] type 01 class 0x060400
[    0.646209] pci 0000:00:1c.7: PME# supported from D0 D3hot D3cold
[    0.646244] pci 0000:00:1c.7: System wakeup disabled by ACPI
[    0.646283] pci 0000:00:1d.0: [8086:1c26] type 00 class 0x0c0320
[    0.646305] pci 0000:00:1d.0: reg 0x10: [mem 0xd4b08000-0xd4b083ff]
[    0.646393] pci 0000:00:1d.0: PME# supported from D0 D3hot D3cold
[    0.646426] pci 0000:00:1d.0: System wakeup disabled by ACPI
[    0.646464] pci 0000:00:1f.0: [8086:1c49] type 00 class 0x060100
[    0.646624] pci 0000:00:1f.2: [8086:1c03] type 00 class 0x010601
[    0.646643] pci 0000:00:1f.2: reg 0x10: [io  0x6068-0x606f]
[    0.646651] pci 0000:00:1f.2: reg 0x14: [io  0x6074-0x6077]
[    0.646658] pci 0000:00:1f.2: reg 0x18: [io  0x6060-0x6067]
[    0.646666] pci 0000:00:1f.2: reg 0x1c: [io  0x6070-0x6073]
[    0.646674] pci 0000:00:1f.2: reg 0x20: [io  0x6040-0x605f]
[    0.646682] pci 0000:00:1f.2: reg 0x24: [mem 0xd4b07000-0xd4b077ff]
[    0.646726] pci 0000:00:1f.2: PME# supported from D3hot
[    0.646831] pci 0000:01:00.0: [1002:6760] type 00 class 0x030000
[    0.646846] pci 0000:01:00.0: reg 0x10: [mem 0xb0000000-0xbfffffff 64bit pref]
[    0.646855] pci 0000:01:00.0: reg 0x18: [mem 0xd4a00000-0xd4a1ffff 64bit]
[    0.646861] pci 0000:01:00.0: reg 0x20: [io  0x5000-0x50ff]
[    0.646872] pci 0000:01:00.0: reg 0x30: [mem 0xfffe0000-0xffffffff pref]
[    0.646910] pci 0000:01:00.0: supports D1 D2
[    0.651370] pci 0000:00:01.0: PCI bridge to [bus 01]
[    0.651378] pci 0000:00:01.0:   bridge window [io  0x5000-0x5fff]
[    0.651386] pci 0000:00:01.0:   bridge window [mem 0xd4a00000-0xd4afffff]
[    0.651395] pci 0000:00:01.0:   bridge window [mem 0xb0000000-0xbfffffff 64bit pref]
[    0.651500] pci 0000:00:1c.0: PCI bridge to [bus 02]
[    0.651506] pci 0000:00:1c.0:   bridge window [mem 0xd4900000-0xd49fffff]
[    0.651611] pci 0000:00:1c.1: PCI bridge to [bus 03-23]
[    0.651615] pci 0000:00:1c.1:   bridge window [io  0x3000-0x4fff]
[    0.651619] pci 0000:00:1c.1:   bridge window [mem 0xd0000000-0xd3ffffff]
[    0.651734] pci 0000:24:00.0: [197b:2392] type 00 class 0x088000
[    0.651764] pci 0000:24:00.0: reg 0x10: [mem 0xd4803000-0xd48030ff]
[    0.651868] pci 0000:24:00.0: reg 0x30: [mem 0xffff0000-0xffffffff pref]
[    0.652039] pci 0000:24:00.2: [197b:2391] type 00 class 0x080501
[    0.652069] pci 0000:24:00.2: reg 0x10: [mem 0xd4802000-0xd48020ff]
[    0.652343] pci 0000:24:00.3: [197b:2393] type 00 class 0x088000
[    0.652373] pci 0000:24:00.3: reg 0x10: [mem 0xd4801000-0xd48010ff]
[    0.659411] pci 0000:00:1c.2: PCI bridge to [bus 24]
[    0.659425] pci 0000:00:1c.2:   bridge window [mem 0xd4800000-0xd48fffff]
[    0.659614] pci 0000:25:00.0: [8086:0090] type 00 class 0x028000
[    0.659740] pci 0000:25:00.0: reg 0x10: [mem 0xd4700000-0xd4701fff 64bit]
[    0.660171] pci 0000:25:00.0: PME# supported from D0 D3hot D3cold
[    0.660262] pci 0000:25:00.0: System wakeup disabled by ACPI
[    0.667503] pci 0000:00:1c.3: PCI bridge to [bus 25]
[    0.667510] pci 0000:00:1c.3:   bridge window [mem 0xd4700000-0xd47fffff]
[    0.667660] pci 0000:26:00.0: [10ec:8168] type 00 class 0x020000
[    0.667739] pci 0000:26:00.0: reg 0x10: [io  0x2000-0x20ff]
[    0.667856] pci 0000:26:00.0: reg 0x18: [mem 0xd4404000-0xd4404fff 64bit pref]
[    0.667929] pci 0000:26:00.0: reg 0x20: [mem 0xd4400000-0xd4403fff 64bit pref]
[    0.668293] pci 0000:26:00.0: supports D1 D2
[    0.668295] pci 0000:26:00.0: PME# supported from D0 D1 D2 D3hot D3cold
[    0.668405] pci 0000:26:00.0: System wakeup disabled by ACPI
[    0.675410] pci 0000:00:1c.5: PCI bridge to [bus 26]
[    0.675421] pci 0000:00:1c.5:   bridge window [io  0x2000-0x2fff]
[    0.675430] pci 0000:00:1c.5:   bridge window [mem 0xd4600000-0xd46fffff]
[    0.675444] pci 0000:00:1c.5:   bridge window [mem 0xd4400000-0xd44fffff 64bit pref]
[    0.675561] pci 0000:27:00.0: [1033:0194] type 00 class 0x0c0330
[    0.675594] pci 0000:27:00.0: reg 0x10: [mem 0xd4500000-0xd4501fff 64bit]
[    0.675763] pci 0000:27:00.0: PME# supported from D0 D3hot D3cold
[    0.683402] pci 0000:00:1c.7: PCI bridge to [bus 27]
[    0.683417] pci 0000:00:1c.7:   bridge window [mem 0xd4500000-0xd45fffff]
[    0.683551] acpi PNP0A08:00: Disabling ASPM (FADT indicates it is unsupported)
[    0.684350] ACPI: PCI Interrupt Link [LNKA] (IRQs 1 3 4 5 6 7 *10 12 14 15)
[    0.684391] ACPI: PCI Interrupt Link [LNKB] (IRQs 1 3 4 *5 6 7 11 12 14 15)
[    0.684431] ACPI: PCI Interrupt Link [LNKC] (IRQs 1 3 4 5 6 7 *10 12 14 15)
[    0.684469] ACPI: PCI Interrupt Link [LNKD] (IRQs 1 3 4 5 6 7 11 12 14 15) *10
[    0.684508] ACPI: PCI Interrupt Link [LNKE] (IRQs 1 3 4 5 6 7 10 12 14 15) *0, disabled.
[    0.684547] ACPI: PCI Interrupt Link [LNKF] (IRQs 1 3 4 5 6 7 11 12 14 15) *0, disabled.
[    0.684586] ACPI: PCI Interrupt Link [LNKG] (IRQs 1 3 4 5 6 7 10 12 14 15) *11
[    0.684627] ACPI: PCI Interrupt Link [LNKH] (IRQs 1 3 4 5 6 7 11 12 14 15) *0, disabled.
[    0.684865] ACPI: Enabled 5 GPEs in block 00 to 3F
[    0.684904] ACPI : EC: GPE = 0x16, I/O: command/status = 0x66, data = 0x62
[    0.684991] vgaarb: setting as boot device: PCI:0000:00:02.0
[    0.684993] vgaarb: device added: PCI:0000:00:02.0,decodes=io+mem,owns=io+mem,locks=none
[    0.684997] vgaarb: device added: PCI:0000:01:00.0,decodes=io+mem,owns=none,locks=none
[    0.684999] vgaarb: loaded
[    0.685000] vgaarb: bridge control possible 0000:01:00.0
[    0.685001] vgaarb: no bridge control possible 0000:00:02.0
[    0.685209] SCSI subsystem initialized
[    0.685259] libata version 3.00 loaded.
[    0.685281] ACPI: bus type USB registered
[    0.685298] usbcore: registered new interface driver usbfs
[    0.685307] usbcore: registered new interface driver hub
[    0.685331] usbcore: registered new device driver usb
[    0.685447] PCI: Using ACPI for IRQ routing
[    0.691851] PCI: pci_cache_line_size set to 64 bytes
[    0.691918] e820: reserve RAM buffer [mem 0x0009ec00-0x0009ffff]
[    0.691919] e820: reserve RAM buffer [mem 0xac6bd000-0xafffffff]
[    0.691921] e820: reserve RAM buffer [mem 0xad000000-0xafffffff]
[    0.691922] e820: reserve RAM buffer [mem 0x14f800000-0x14fffffff]
[    0.692027] NetLabel: Initializing
[    0.692028] NetLabel:  domain hash size = 128
[    0.692029] NetLabel:  protocols = UNLABELED CIPSOv4
[    0.692040] NetLabel:  unlabeled traffic allowed by default
[    0.692099] hpet0: at MMIO 0xfed00000, IRQs 2, 8, 0, 0, 0, 0, 0, 0
[    0.692104] hpet0: 8 comparators, 64-bit 14.318180 MHz counter
[    0.694141] Switched to clocksource hpet
[    0.699268] AppArmor: AppArmor Filesystem Enabled
[    0.699303] pnp: PnP ACPI init
[    0.699317] ACPI: bus type PNP registered
[    0.699474] system 00:00: [mem 0xfed1c000-0xfed1ffff] has been reserved
[    0.699477] system 00:00: [mem 0xfed10000-0xfed17fff] could not be reserved
[    0.699479] system 00:00: [mem 0xfed18000-0xfed18fff] has been reserved
[    0.699480] system 00:00: [mem 0x00000000-0x00000fff] could not be reserved
[    0.699482] system 00:00: [mem 0xafa00000-0xafa00fff] has been reserved
[    0.699484] system 00:00: [mem 0xe0000000-0xefffffff] has been reserved
[    0.699485] system 00:00: [mem 0xfed20000-0xfed3ffff] has been reserved
[    0.699487] system 00:00: [mem 0xfed90000-0xfed93fff] could not be reserved
[    0.699489] system 00:00: [mem 0xfed45000-0xfed8ffff] has been reserved
[    0.699491] system 00:00: [mem 0xfec00000-0xfec00fff] could not be reserved
[    0.699494] system 00:00: Plug and Play ACPI device, IDs PNP0c02 (active)
[    0.699639] system 00:01: [io  0xfe00-0xfe0f] has been reserved
[    0.699641] system 00:01: [io  0xfe80-0xfe8f] has been reserved
[    0.699643] system 00:01: [mem 0xfed40000-0xfed44fff] has been reserved
[    0.699645] system 00:01: Plug and Play ACPI device, IDs PNP0c02 (active)
[    0.699718] system 00:02: [io  0x0200-0x027f] has been reserved
[    0.699720] system 00:02: [io  0x1000-0x100f] has been reserved
[    0.699721] system 00:02: [io  0xffff] has been reserved
[    0.699723] system 00:02: [io  0xffff] has been reserved
[    0.699725] system 00:02: [io  0x0400-0x047f] could not be reserved
[    0.699726] system 00:02: [io  0x0500-0x057f] has been reserved
[    0.699728] system 00:02: [io  0xef80-0xef9f] has been reserved
[    0.699730] system 00:02: Plug and Play ACPI device, IDs PNP0c02 (active)
[    0.699764] pnp 00:03: Plug and Play ACPI device, IDs PNP0b00 (active)
[    0.699867] pnp 00:04: Plug and Play ACPI device, IDs PNP0303 (active)
[    0.699894] pnp 00:05: Plug and Play ACPI device, IDs SYN0186 SYN0100 SYN0002 PNP0f13 (active)
[    0.700188] pnp: PnP ACPI: found 6 devices
[    0.700189] ACPI: bus type PNP unregistered
[    0.706517] pci 0000:01:00.0: can't claim BAR 6 [mem 0xfffe0000-0xffffffff pref]: no compatible bridge window
[    0.706519] pci 0000:24:00.0: can't claim BAR 6 [mem 0xffff0000-0xffffffff pref]: no compatible bridge window
[    0.706541] pci 0000:00:1c.1: bridge window [mem 0x00100000-0x000fffff 64bit pref] to [bus 03-23] add_size 200000
[    0.706571] pci 0000:00:1c.1: res[15]=[mem 0x00100000-0x000fffff 64bit pref] get_res_add_size add_size 200000
[    0.706578] pci 0000:00:1c.1: BAR 15: assigned [mem 0xafb00000-0xafcfffff 64bit pref]
[    0.706580] pci 0000:01:00.0: BAR 6: assigned [mem 0xd4a20000-0xd4a3ffff pref]
[    0.706582] pci 0000:00:01.0: PCI bridge to [bus 01]
[    0.706584] pci 0000:00:01.0:   bridge window [io  0x5000-0x5fff]
[    0.706587] pci 0000:00:01.0:   bridge window [mem 0xd4a00000-0xd4afffff]
[    0.706589] pci 0000:00:01.0:   bridge window [mem 0xb0000000-0xbfffffff 64bit pref]
[    0.706593] pci 0000:00:1c.0: PCI bridge to [bus 02]
[    0.706598] pci 0000:00:1c.0:   bridge window [mem 0xd4900000-0xd49fffff]
[    0.706605] pci 0000:00:1c.1: PCI bridge to [bus 03-23]
[    0.706608] pci 0000:00:1c.1:   bridge window [io  0x3000-0x4fff]
[    0.706613] pci 0000:00:1c.1:   bridge window [mem 0xd0000000-0xd3ffffff]
[    0.706617] pci 0000:00:1c.1:   bridge window [mem 0xafb00000-0xafcfffff 64bit pref]
[    0.706624] pci 0000:24:00.0: BAR 6: assigned [mem 0xd4810000-0xd481ffff pref]
[    0.706626] pci 0000:00:1c.2: PCI bridge to [bus 24]
[    0.706631] pci 0000:00:1c.2:   bridge window [mem 0xd4800000-0xd48fffff]
[    0.706639] pci 0000:00:1c.3: PCI bridge to [bus 25]
[    0.706644] pci 0000:00:1c.3:   bridge window [mem 0xd4700000-0xd47fffff]
[    0.706652] pci 0000:00:1c.5: PCI bridge to [bus 26]
[    0.706655] pci 0000:00:1c.5:   bridge window [io  0x2000-0x2fff]
[    0.706660] pci 0000:00:1c.5:   bridge window [mem 0xd4600000-0xd46fffff]
[    0.706664] pci 0000:00:1c.5:   bridge window [mem 0xd4400000-0xd44fffff 64bit pref]
[    0.706670] pci 0000:00:1c.7: PCI bridge to [bus 27]
[    0.706675] pci 0000:00:1c.7:   bridge window [mem 0xd4500000-0xd45fffff]
[    0.706684] pci_bus 0000:00: resource 4 [io  0x0000-0x0cf7]
[    0.706685] pci_bus 0000:00: resource 5 [io  0x0d00-0xffff]
[    0.706687] pci_bus 0000:00: resource 6 [mem 0x000a0000-0x000bffff]
[    0.706688] pci_bus 0000:00: resource 7 [mem 0xafa00000-0xdfffffff]
[    0.706690] pci_bus 0000:00: resource 8 [mem 0xf0000000-0xfedfffff]
[    0.706691] pci_bus 0000:00: resource 9 [mem 0xfee01000-0xffffffff]
[    0.706693] pci_bus 0000:01: resource 0 [io  0x5000-0x5fff]
[    0.706695] pci_bus 0000:01: resource 1 [mem 0xd4a00000-0xd4afffff]
[    0.706696] pci_bus 0000:01: resource 2 [mem 0xb0000000-0xbfffffff 64bit pref]
[    0.706698] pci_bus 0000:02: resource 1 [mem 0xd4900000-0xd49fffff]
[    0.706700] pci_bus 0000:03: resource 0 [io  0x3000-0x4fff]
[    0.706701] pci_bus 0000:03: resource 1 [mem 0xd0000000-0xd3ffffff]
[    0.706703] pci_bus 0000:03: resource 2 [mem 0xafb00000-0xafcfffff 64bit pref]
[    0.706704] pci_bus 0000:24: resource 1 [mem 0xd4800000-0xd48fffff]
[    0.706706] pci_bus 0000:25: resource 1 [mem 0xd4700000-0xd47fffff]
[    0.706708] pci_bus 0000:26: resource 0 [io  0x2000-0x2fff]
[    0.706709] pci_bus 0000:26: resource 1 [mem 0xd4600000-0xd46fffff]
[    0.706711] pci_bus 0000:26: resource 2 [mem 0xd4400000-0xd44fffff 64bit pref]
[    0.706712] pci_bus 0000:27: resource 1 [mem 0xd4500000-0xd45fffff]
[    0.706740] NET: Registered protocol family 2
[    0.706909] TCP established hash table entries: 32768 (order: 6, 262144 bytes)
[    0.706991] TCP bind hash table entries: 32768 (order: 7, 524288 bytes)
[    0.707096] TCP: Hash tables configured (established 32768 bind 32768)
[    0.707116] TCP: reno registered
[    0.707121] UDP hash table entries: 2048 (order: 4, 65536 bytes)
[    0.707141] UDP-Lite hash table entries: 2048 (order: 4, 65536 bytes)
[    0.707193] NET: Registered protocol family 1
[    0.707206] pci 0000:00:02.0: Video device with shadowed ROM
[    0.707997] PCI: CLS 64 bytes, default 64
[    0.708048] Trying to unpack rootfs image as initramfs...
[    0.988309] Freeing initrd memory: 19932K (ffff880035902000 - ffff880036c79000)
[    0.988376] PCI-DMA: Using software bounce buffering for IO (SWIOTLB)
[    0.988378] software IO TLB [mem 0xa86bd000-0xac6bd000] (64MB) mapped at [ffff8800a86bd000-ffff8800ac6bcfff]
[    0.988566] RAPL PMU detected, hw unit 2^-16 Joules, API unit is 2^-32 Joules, 3 fixed counters 163840 ms ovfl timer
[    0.988609] microcode: CPU0 sig=0x206a7, pf=0x10, revision=0x1a
[    0.988615] microcode: CPU1 sig=0x206a7, pf=0x10, revision=0x1a
[    0.988624] microcode: CPU2 sig=0x206a7, pf=0x10, revision=0x1a
[    0.988631] microcode: CPU3 sig=0x206a7, pf=0x10, revision=0x1a
[    0.988681] microcode: Microcode Update Driver: v2.00 <tigran@aivazian.fsnet.co.uk>, Peter Oruba
[    0.988703] Scanning for low memory corruption every 60 seconds
[    0.989030] futex hash table entries: 2048 (order: 5, 131072 bytes)
[    0.989066] Initialise system trusted keyring
[    0.989089] audit: initializing netlink subsys (disabled)
[    0.989102] audit: type=2000 audit(1422106198.976:1): initialized
[    0.989401] HugeTLB registered 2 MB page size, pre-allocated 0 pages
[    0.990782] zpool: loaded
[    0.990785] zbud: loaded
[    0.990938] VFS: Disk quotas dquot_6.5.2
[    0.990971] Dquot-cache hash table entries: 512 (order 0, 4096 bytes)
[    0.991383] fuse init (API version 7.23)
[    0.991462] msgmni has been set to 7768
[    0.991517] Key type big_key registered
[    0.991893] Key type asymmetric registered
[    0.991897] Asymmetric key parser 'x509' registered
[    0.991928] Block layer SCSI generic (bsg) driver version 0.4 loaded (major 252)
[    0.991968] io scheduler noop registered
[    0.991970] io scheduler deadline registered (default)
[    0.992012] io scheduler cfq registered
[    0.992224] pcieport 0000:00:01.0: irq 42 for MSI/MSI-X
[    0.992384] pcieport 0000:00:1c.0: irq 43 for MSI/MSI-X
[    0.992555] pcieport 0000:00:1c.1: irq 44 for MSI/MSI-X
[    0.992731] pcieport 0000:00:1c.2: irq 45 for MSI/MSI-X
[    0.992894] pcieport 0000:00:1c.3: irq 46 for MSI/MSI-X
[    0.993058] pcieport 0000:00:1c.5: irq 47 for MSI/MSI-X
[    0.993135] pcieport 0000:00:1c.7: irq 48 for MSI/MSI-X
[    0.993222] pcieport 0000:00:01.0: Signaling PME through PCIe PME interrupt
[    0.993224] pci 0000:01:00.0: Signaling PME through PCIe PME interrupt
[    0.993227] pcie_pme 0000:00:01.0:pcie01: service driver pcie_pme loaded
[    0.993243] pcieport 0000:00:1c.0: Signaling PME through PCIe PME interrupt
[    0.993247] pcie_pme 0000:00:1c.0:pcie01: service driver pcie_pme loaded
[    0.993263] pcieport 0000:00:1c.1: Signaling PME through PCIe PME interrupt
[    0.993267] pcie_pme 0000:00:1c.1:pcie01: service driver pcie_pme loaded
[    0.993283] pcieport 0000:00:1c.2: Signaling PME through PCIe PME interrupt
[    0.993284] pci 0000:24:00.0: Signaling PME through PCIe PME interrupt
[    0.993286] pci 0000:24:00.2: Signaling PME through PCIe PME interrupt
[    0.993287] pci 0000:24:00.3: Signaling PME through PCIe PME interrupt
[    0.993291] pcie_pme 0000:00:1c.2:pcie01: service driver pcie_pme loaded
[    0.993307] pcieport 0000:00:1c.3: Signaling PME through PCIe PME interrupt
[    0.993308] pci 0000:25:00.0: Signaling PME through PCIe PME interrupt
[    0.993312] pcie_pme 0000:00:1c.3:pcie01: service driver pcie_pme loaded
[    0.993328] pcieport 0000:00:1c.5: Signaling PME through PCIe PME interrupt
[    0.993329] pci 0000:26:00.0: Signaling PME through PCIe PME interrupt
[    0.993334] pcie_pme 0000:00:1c.5:pcie01: service driver pcie_pme loaded
[    0.993349] pcieport 0000:00:1c.7: Signaling PME through PCIe PME interrupt
[    0.993351] pci 0000:27:00.0: Signaling PME through PCIe PME interrupt
[    0.993355] pcie_pme 0000:00:1c.7:pcie01: service driver pcie_pme loaded
[    0.993370] pci_hotplug: PCI Hot Plug PCI Core version: 0.5
[    0.993409] pciehp 0000:00:1c.1:pcie04: Slot #1 AttnBtn- AttnInd- PwrInd- PwrCtrl- MRL- Interlock- NoCompl+ LLActRep+
[    0.993438] pciehp 0000:00:1c.1:pcie04: service driver pciehp loaded
[    0.993442] pciehp: PCI Express Hot Plug Controller Driver version: 0.4
[    0.993486] vesafb: mode is 1024x768x32, linelength=4096, pages=0
[    0.993487] vesafb: scrolling: redraw
[    0.993489] vesafb: Truecolor: size=8:8:8:8, shift=24:16:8:0
[    0.993502] vesafb: framebuffer at 0xc0000000, mapped to 0xffffc90010800000, using 3072k, total 3072k
[    0.993573] Console: switching to colour frame buffer device 128x48
[    0.993585] fb0: VESA VGA frame buffer device
[    0.993606] intel_idle: MWAIT substates: 0x21120
[    0.993607] intel_idle: v0.4 model 0x2A
[    0.993608] intel_idle: lapic_timer_reliable_states 0xffffffff
[    0.993918] ACPI: AC Adapter [AC] (on-line)
[    0.994090] input: Sleep Button as /devices/LNXSYSTM:00/LNXSYBUS:00/PNP0C0E:00/input/input0
[    0.994094] ACPI: Sleep Button [SLPB]
[    0.994130] input: Lid Switch as /devices/LNXSYSTM:00/LNXSYBUS:00/PNP0C0D:00/input/input1
[    0.994148] ACPI: Lid Switch [LID]
[    0.994184] input: Power Button as /devices/LNXSYSTM:00/LNXPWRBN:00/input/input2
[    0.994186] ACPI: Power Button [PWRF]
[    1.022147] thermal LNXTHERM:00: registered as thermal_zone0
[    1.022150] ACPI: Thermal Zone [CPUZ] (58 C)
[    1.045885] thermal LNXTHERM:01: registered as thermal_zone1
[    1.045888] ACPI: Thermal Zone [GFXZ] (48 C)
[    1.061706] thermal LNXTHERM:02: registered as thermal_zone2
[    1.061711] ACPI: Thermal Zone [EXTZ] (35 C)
[    1.076497] thermal LNXTHERM:03: registered as thermal_zone3
[    1.076500] ACPI: Thermal Zone [LOCZ] (48 C)
[    1.091388] thermal LNXTHERM:04: registered as thermal_zone4
[    1.091390] ACPI: Thermal Zone [BATZ] (25 C)
[    1.091624] thermal LNXTHERM:05: registered as thermal_zone5
[    1.091625] ACPI: Thermal Zone [PCHZ] (0 C)
[    1.091674] GHES: HEST is not enabled!
[    1.091839] Serial: 8250/16550 driver, 32 ports, IRQ sharing enabled
[    1.094150] Linux agpgart interface v0.103
[    1.095327] brd: module loaded
[    1.095897] loop: module loaded
[    1.096102] libphy: Fixed MDIO Bus: probed
[    1.096105] tun: Universal TUN/TAP device driver, 1.6
[    1.096106] tun: (C) 1999-2004 Max Krasnyansky <maxk@qualcomm.com>
[    1.096157] PPP generic driver version 2.4.2
[    1.096199] ehci_hcd: USB 2.0 'Enhanced' Host Controller (EHCI) Driver
[    1.096208] ehci-pci: EHCI PCI platform driver
[    1.096343] ehci-pci 0000:00:1a.0: EHCI Host Controller
[    1.096348] ehci-pci 0000:00:1a.0: new USB bus registered, assigned bus number 1
[    1.096361] ehci-pci 0000:00:1a.0: debug port 2
[    1.100259] ehci-pci 0000:00:1a.0: cache line size of 64 is not supported
[    1.100277] ehci-pci 0000:00:1a.0: irq 16, io mem 0xd4b09000
[    1.110076] ehci-pci 0000:00:1a.0: USB 2.0 started, EHCI 1.00
[    1.110170] usb usb1: New USB device found, idVendor=1d6b, idProduct=0002
[    1.110172] usb usb1: New USB device strings: Mfr=3, Product=2, SerialNumber=1
[    1.110174] usb usb1: Product: EHCI Host Controller
[    1.110176] usb usb1: Manufacturer: Linux 3.16.0-29-generic ehci_hcd
[    1.110177] usb usb1: SerialNumber: 0000:00:1a.0
[    1.110377] hub 1-0:1.0: USB hub found
[    1.110385] hub 1-0:1.0: 2 ports detected
[    1.110655] ehci-pci 0000:00:1d.0: EHCI Host Controller
[    1.110662] ehci-pci 0000:00:1d.0: new USB bus registered, assigned bus number 2
[    1.110675] ehci-pci 0000:00:1d.0: debug port 2
[    1.114566] ehci-pci 0000:00:1d.0: cache line size of 64 is not supported
[    1.114574] ehci-pci 0000:00:1d.0: irq 16, io mem 0xd4b08000
[    1.126060] ehci-pci 0000:00:1d.0: USB 2.0 started, EHCI 1.00
[    1.126098] usb usb2: New USB device found, idVendor=1d6b, idProduct=0002
[    1.126101] usb usb2: New USB device strings: Mfr=3, Product=2, SerialNumber=1
[    1.126102] usb usb2: Product: EHCI Host Controller
[    1.126104] usb usb2: Manufacturer: Linux 3.16.0-29-generic ehci_hcd
[    1.126105] usb usb2: SerialNumber: 0000:00:1d.0
[    1.126280] hub 2-0:1.0: USB hub found
[    1.126287] hub 2-0:1.0: 2 ports detected
[    1.126407] ehci-platform: EHCI generic platform driver
[    1.126420] ohci_hcd: USB 1.1 'Open' Host Controller (OHCI) Driver
[    1.126428] ohci-pci: OHCI PCI platform driver
[    1.126441] ohci-platform: OHCI generic platform driver
[    1.126449] uhci_hcd: USB Universal Host Controller Interface driver
[    1.126526] xhci_hcd 0000:27:00.0: xHCI Host Controller
[    1.126531] xhci_hcd 0000:27:00.0: new USB bus registered, assigned bus number 3
[    1.126729] xhci_hcd 0000:27:00.0: irq 49 for MSI/MSI-X
[    1.126734] xhci_hcd 0000:27:00.0: irq 50 for MSI/MSI-X
[    1.126738] xhci_hcd 0000:27:00.0: irq 51 for MSI/MSI-X
[    1.126742] xhci_hcd 0000:27:00.0: irq 52 for MSI/MSI-X
[    1.126746] xhci_hcd 0000:27:00.0: irq 53 for MSI/MSI-X
[    1.126881] usb usb3: New USB device found, idVendor=1d6b, idProduct=0002
[    1.126883] usb usb3: New USB device strings: Mfr=3, Product=2, SerialNumber=1
[    1.126885] usb usb3: Product: xHCI Host Controller
[    1.126886] usb usb3: Manufacturer: Linux 3.16.0-29-generic xhci_hcd
[    1.126888] usb usb3: SerialNumber: 0000:27:00.0
[    1.127098] hub 3-0:1.0: USB hub found
[    1.127108] hub 3-0:1.0: 2 ports detected
[    1.127186] xhci_hcd 0000:27:00.0: xHCI Host Controller
[    1.127190] xhci_hcd 0000:27:00.0: new USB bus registered, assigned bus number 4
[    1.130132] usb usb4: New USB device found, idVendor=1d6b, idProduct=0003
[    1.130134] usb usb4: New USB device strings: Mfr=3, Product=2, SerialNumber=1
[    1.130136] usb usb4: Product: xHCI Host Controller
[    1.130137] usb usb4: Manufacturer: Linux 3.16.0-29-generic xhci_hcd
[    1.130138] usb usb4: SerialNumber: 0000:27:00.0
[    1.130305] hub 4-0:1.0: USB hub found
[    1.130316] hub 4-0:1.0: 2 ports detected
[    1.130440] i8042: PNP: PS/2 Controller [PNP0303:PS2K,PNP0f13:PS2M] at 0x60,0x64 irq 1,12
[    1.132268] i8042: Detected active multiplexing controller, rev 1.1
[    1.133033] serio: i8042 KBD port at 0x60,0x64 irq 1
[    1.133037] serio: i8042 AUX0 port at 0x60,0x64 irq 12
[    1.133060] serio: i8042 AUX1 port at 0x60,0x64 irq 12
[    1.133079] serio: i8042 AUX2 port at 0x60,0x64 irq 12
[    1.133097] serio: i8042 AUX3 port at 0x60,0x64 irq 12
[    1.133310] mousedev: PS/2 mouse device common for all mice
[    1.133607] rtc_cmos 00:03: RTC can wake from S4
[    1.133804] rtc_cmos 00:03: rtc core: registered rtc_cmos as rtc0
[    1.133835] rtc_cmos 00:03: alarms up to one month, y3k, 242 bytes nvram, hpet irqs
[    1.133899] device-mapper: uevent: version 1.0.3
[    1.133959] device-mapper: ioctl: 4.27.0-ioctl (2013-10-30) initialised: dm-devel@redhat.com
[    1.133970] Intel P-state driver initializing.
[    1.133986] Intel pstate controlling: cpu 0
[    1.134013] Intel pstate controlling: cpu 1
[    1.134038] Intel pstate controlling: cpu 2
[    1.134058] Intel pstate controlling: cpu 3
[    1.134087] Consider also installing thermald for improved thermal control.
[    1.134091] ledtrig-cpu: registered to indicate activity on CPUs
[    1.134170] TCP: cubic registered
[    1.134254] NET: Registered protocol family 10
[    1.134435] NET: Registered protocol family 17
[    1.134445] Key type dns_resolver registered
[    1.134696] Loading compiled-in X.509 certificates
[    1.135419] Loaded X.509 cert 'Magrathea: Glacier signing key: 70637fde89462678aff2d9c2bb1290be2fed1fb1'
[    1.135432] registered taskstats version 1
[    1.136864] Key type trusted registered
[    1.138050] ACPI: Battery Slot [BAT0] (battery present)
[    1.138340] Key type encrypted registered
[    1.139530] AppArmor: AppArmor sha1 policy hashing enabled
[    1.139534] ima: No TPM chip found, activating TPM-bypass!
[    1.139552] evm: HMAC attrs: 0x1
[    1.140025]   Magic number: 15:77:484
[    1.140137] rtc_cmos 00:03: setting system clock to 2015-01-24 13:29:59 UTC (1422106199)
[    1.140205] BIOS EDD facility v0.16 2004-Jun-25, 0 devices found
[    1.140206] EDD information not available.
[    1.140259] PM: Hibernation image not present or could not be loaded.
[    1.141328] Freeing unused kernel memory: 1356K (ffffffff81d2e000 - ffffffff81e81000)
[    1.141329] Write protecting the kernel read-only data: 12288k
[    1.142162] Freeing unused kernel memory: 440K (ffff880001792000 - ffff880001800000)
[    1.142963] Freeing unused kernel memory: 488K (ffff880001b86000 - ffff880001c00000)
[    1.150595] systemd-udevd[125]: starting version 208
[    1.150923] random: systemd-udevd urandom read with 4 bits of entropy available
[    1.159512] input: AT Translated Set 2 keyboard as /devices/platform/i8042/serio0/input/input3
[    1.170227] sdhci: Secure Digital Host Controller Interface driver
[    1.170230] sdhci: Copyright(c) Pierre Ossman
[    1.172103] sdhci-pci 0000:24:00.0: SDHCI controller found [197b:2392] (rev 30)
[    1.172216] mmc0: no vqmmc regulator found
[    1.172218] mmc0: no vmmc regulator found
[    1.172355] mmc0: SDHCI controller on PCI [0000:24:00.0] using DMA
[    1.172367] sdhci-pci 0000:24:00.2: SDHCI controller found [197b:2391] (rev 30)
[    1.172421] sdhci-pci 0000:24:00.2: Refusing to bind to secondary interface.
[    1.175418] r8169 Gigabit Ethernet driver 2.3LK-NAPI loaded
[    1.175425] r8169 0000:26:00.0: can't disable ASPM; OS doesn't have ASPM control
[    1.175630] r8169 0000:26:00.0: irq 54 for MSI/MSI-X
[    1.175758] r8169 0000:26:00.0 eth0: RTL8168e/8111e at 0xffffc900107b6000, e4:11:5b:60:c0:65, XID 0c200000 IRQ 54
[    1.175760] r8169 0000:26:00.0 eth0: jumbo features [frames: 9200 bytes, tx checksumming: ko]
[    1.177511] ahci 0000:00:1f.2: version 3.0
[    1.177676] ahci 0000:00:1f.2: irq 55 for MSI/MSI-X
[    1.177698] ahci 0000:00:1f.2: SSS flag set, parallel bus scan disabled
[    1.177721] ahci 0000:00:1f.2: AHCI 0001.0300 32 slots 6 ports 6 Gbps 0x3 impl SATA mode
[    1.177725] ahci 0000:00:1f.2: flags: 64bit ncq sntf stag pm led clo pio slum part ems apst 
[    1.182767] scsi0 : ahci
[    1.182895] scsi1 : ahci
[    1.183000] scsi2 : ahci
[    1.183110] scsi3 : ahci
[    1.183223] scsi4 : ahci
[    1.183384] scsi5 : ahci
[    1.183442] ata1: SATA max UDMA/133 abar m2048@0xd4b07000 port 0xd4b07100 irq 55
[    1.183446] ata2: SATA max UDMA/133 abar m2048@0xd4b07000 port 0xd4b07180 irq 55
[    1.183447] ata3: DUMMY
[    1.183449] ata4: DUMMY
[    1.183450] ata5: DUMMY
[    1.183451] ata6: DUMMY
[    1.422155] usb 1-1: new high-speed USB device number 2 using ehci-pci
[    1.502026] ata1: SATA link up 3.0 Gbps (SStatus 123 SControl 300)
[    1.503086] ata1.00: ACPI cmd 00/00:00:00:00:00:a0 (NOP) rejected by device (Stat=0x51 Err=0x04)
[    1.503224] ata1.00: ATA-8: TOSHIBA MK5061GSYN, MH000C, max UDMA/100
[    1.503233] ata1.00: 976773168 sectors, multi 16: LBA48 NCQ (depth 31/32), AA
[    1.504374] ata1.00: ACPI cmd 00/00:00:00:00:00:a0 (NOP) rejected by device (Stat=0x51 Err=0x04)
[    1.504526] ata1.00: configured for UDMA/100
[    1.504786] scsi 0:0:0:0: Direct-Access     ATA      TOSHIBA MK5061GS 0C   PQ: 0 ANSI: 5
[    1.505044] sd 0:0:0:0: [sda] 976773168 512-byte logical blocks: (500 GB/465 GiB)
[    1.505059] sd 0:0:0:0: Attached scsi generic sg0 type 0
[    1.505077] sd 0:0:0:0: [sda] Write Protect is off
[    1.505079] sd 0:0:0:0: [sda] Mode Sense: 00 3a 00 00
[    1.505089] sd 0:0:0:0: [sda] Write cache: enabled, read cache: enabled, doesn't support DPO or FUA
[    1.554350] usb 1-1: New USB device found, idVendor=8087, idProduct=0024
[    1.554354] usb 1-1: New USB device strings: Mfr=0, Product=0, SerialNumber=0
[    1.554613] hub 1-1:1.0: USB hub found
[    1.554704] hub 1-1:1.0: 6 ports detected
[    1.643398]  sda: sda1 sda2 sda3 < sda5 sda6 sda7 sda8 sda9 sda10 >
[    1.643915] sd 0:0:0:0: [sda] Attached SCSI disk
[    1.665862] usb 2-1: new high-speed USB device number 2 using ehci-pci
[    1.798092] usb 2-1: New USB device found, idVendor=8087, idProduct=0024
[    1.798094] usb 2-1: New USB device strings: Mfr=0, Product=0, SerialNumber=0
[    1.798366] hub 2-1:1.0: USB hub found
[    1.798463] hub 2-1:1.0: 6 ports detected
[    1.821831] ata2: SATA link up 1.5 Gbps (SStatus 113 SControl 300)
[    1.826451] ata2.00: ACPI cmd 00/00:00:00:00:00:a0 (NOP) rejected by device (Stat=0x51 Err=0x04)
[    1.826454] ata2.00: ATAPI: hp       CDDVDW SN-208BB, HH01, max UDMA/100
[    1.832651] ata2.00: ACPI cmd 00/00:00:00:00:00:a0 (NOP) rejected by device (Stat=0x51 Err=0x04)
[    1.832654] ata2.00: configured for UDMA/100
[    1.844156] scsi 1:0:0:0: CD-ROM            hp       CDDVDW SN-208BB  HH01 PQ: 0 ANSI: 5
[    1.869818] usb 1-1.1: new full-speed USB device number 3 using ehci-pci
[    1.876478] sr0: scsi3-mmc drive: 24x/24x writer dvd-ram cd/rw xa/form2 cdda tray
[    1.876480] cdrom: Uniform CD-ROM driver Revision: 3.20
[    1.876597] sr 1:0:0:0: Attached scsi CD-ROM sr0
[    1.876662] sr 1:0:0:0: Attached scsi generic sg1 type 5
[    1.963306] usb 1-1.1: New USB device found, idVendor=138a, idProduct=003c
[    1.963317] usb 1-1.1: New USB device strings: Mfr=0, Product=0, SerialNumber=1
[    1.963322] usb 1-1.1: SerialNumber: 003094e27380
[    1.985776] tsc: Refined TSC clocksource calibration: 2693.880 MHz
[    2.068132] psmouse serio4: synaptics: Touchpad model: 1, fw: 7.5, id: 0x1e0b1, caps: 0xd00073/0x640000/0xa0400, board id: 1398, fw id: 781874
[    2.069816] usb 2-1.4: new high-speed USB device number 3 using ehci-pci
[    2.112827] input: SynPS/2 Synaptics TouchPad as /devices/platform/i8042/serio4/input/input11
[    2.211237] usb 2-1.4: New USB device found, idVendor=04f2, idProduct=b230
[    2.211240] usb 2-1.4: New USB device strings: Mfr=2, Product=1, SerialNumber=3
[    2.211242] usb 2-1.4: Product: HP HD Webcam [Fixed]
[    2.211243] usb 2-1.4: Manufacturer: Chicony Electronics Co., Ltd.
[    2.211245] usb 2-1.4: SerialNumber: SN0001
[    2.285919] usb 2-1.6: new full-speed USB device number 4 using ehci-pci
[    2.349836] EXT4-fs (sda1): INFO: recovery required on readonly filesystem
[    2.349840] EXT4-fs (sda1): write access will be enabled during recovery
[    2.382058] usb 2-1.6: New USB device found, idVendor=8086, idProduct=0189
[    2.382061] usb 2-1.6: New USB device strings: Mfr=0, Product=0, SerialNumber=0
[    2.985524] Switched to clocksource tsc
[    2.995670] random: nonblocking pool is initialized
[    4.275162] EXT4-fs (sda1): orphan cleanup on readonly fs
[    4.275363] EXT4-fs (sda1): 18 orphan inodes deleted
[    4.275364] EXT4-fs (sda1): recovery complete
[    4.358863] EXT4-fs (sda1): mounted filesystem with ordered data mode. Opts: (null)
[   14.628091] Adding 3976556k swap on /dev/sda5.  Priority:-1 extents:1 across:3976556k FS
[   14.632425] EXT4-fs (sda1): re-mounted. Opts: errors=remount-ro
[   15.270054] EXT4-fs (sda6): mounted filesystem with ordered data mode. Opts: (null)
[   15.451047] systemd-udevd[385]: starting version 208
[   15.506232] lp: driver loaded but no devices found
[   15.509222] ppdev: user-space parallel port driver
[   15.530288] hp_accel: laptop model unknown, using default axes configuration
[   15.530874] lis3lv02d: 8 bits 3DC sensor found
[   15.552161] wmi: Mapper loaded
[   15.554508] shpchp: Standard Hot Plug PCI Controller Driver version: 0.4
[   15.564522] mei_me 0000:00:16.0: irq 56 for MSI/MSI-X
[   15.564636] [drm] Initialized drm 1.1.0 20060810
[   15.569498] input: ST LIS3LV02DL Accelerometer as /devices/platform/lis3lv02d/input/input12
[   15.583276] cfg80211: Calling CRDA to update world regulatory domain
[   15.586112] [drm] Memory usable by graphics device = 2048M
[   15.586116] [drm] Replacing VGA console driver
[   15.586120] checking generic (c0000000 300000) vs hw (c0000000 10000000)
[   15.586121] fb: switching to inteldrmfb from VESA VGA
[   15.586140] Console: switching to colour dummy device 80x25
[   15.591943] Intel(R) Wireless WiFi driver for Linux, in-tree:
[   15.591947] Copyright(c) 2003- 2014 Intel Corporation
[   15.592067] iwlwifi 0000:25:00.0: can't disable ASPM; OS doesn't have ASPM control
[   15.592135] iwlwifi 0000:25:00.0: irq 57 for MSI/MSI-X
[   15.609450] i915 0000:00:02.0: irq 58 for MSI/MSI-X
[   15.609461] [drm] Supports vblank timestamp caching Rev 2 (21.10.2013).
[   15.609463] [drm] Driver supports precise vblank timestamp query.
[   15.609611] vgaarb: device changed decodes: PCI:0000:00:02.0,olddecodes=io+mem,decodes=none:owns=none
[   15.632980] AVX version of gcm_enc/dec engaged.
[   15.633538] [drm] Wrong MCH_SSKPD value: 0x16040307
[   15.633540] [drm] This can cause pipe underruns and display issues.
[   15.633540] [drm] Please upgrade your BIOS to fix this.
[   15.682460] [drm] radeon kernel modesetting enabled.
[   15.682476] VGA switcheroo: detected switching method \_SB_.PCI0.GFX0.ATPX handle
[   15.682537] radeon 0000:01:00.0: enabling device (0000 -> 0003)
[   15.690145] intel_rapl: Found RAPL domain package
[   15.690149] intel_rapl: Found RAPL domain core
[   15.690150] intel_rapl: Found RAPL domain uncore
[   15.691181] fbcon: inteldrmfb (fb0) is primary device
[   15.691206] Console: switching to colour frame buffer device 170x48
[   15.691228] i915 0000:00:02.0: fb0: inteldrmfb frame buffer device
[   15.691230] i915 0000:00:02.0: registered panic notifier
[   15.705538] [Firmware Bug]: ACPI(DGFX) defines _DOD but not _DOS
[   15.713628] ACPI: Video Device [DGFX] (multi-head: yes  rom: no  post: no)
[   15.715366] acpi device:02: registered as cooling_device5
[   15.715410] input: Video Bus as /devices/LNXSYSTM:00/LNXSYBUS:00/PNP0A08:00/device:00/LNXVIDEO:00/input/input13
[   15.715613] ACPI: Video Device [GFX0] (multi-head: yes  rom: no  post: no)
[   15.715969] acpi device:0a: registered as cooling_device6
[   15.716046] input: Video Bus as /devices/LNXSYSTM:00/LNXSYBUS:00/PNP0A08:00/LNXVIDEO:01/input/input14
[   15.716114] [drm] Initialized i915 1.6.0 20080730 for 0000:00:02.0 on minor 0
[   15.716258] ACPI Warning: SystemIO range 0x0000000000000428-0x000000000000042f conflicts with OpRegion 0x0000000000000400-0x000000000000047f (\PMIO) (20140424/utaddress-258)
[   15.716264] ACPI: If an ACPI driver is available for this device, you should use it instead of the native driver
[   15.716268] ACPI Warning: SystemIO range 0x0000000000000540-0x000000000000054f conflicts with OpRegion 0x0000000000000500-0x0000000000000563 (\GPIO) (20140424/utaddress-258)
[   15.716271] ACPI Warning: SystemIO range 0x0000000000000540-0x000000000000054f conflicts with OpRegion 0x0000000000000500-0x000000000000055f (\_SB_.PCI0.PEGP.DGFX.GPIO) (20140424/utaddress-258)
[   15.716274] ACPI: If an ACPI driver is available for this device, you should use it instead of the native driver
[   15.716276] ACPI Warning: SystemIO range 0x0000000000000530-0x000000000000053f conflicts with OpRegion 0x0000000000000500-0x0000000000000563 (\GPIO) (20140424/utaddress-258)
[   15.716279] ACPI Warning: SystemIO range 0x0000000000000530-0x000000000000053f conflicts with OpRegion 0x0000000000000500-0x000000000000055f (\_SB_.PCI0.PEGP.DGFX.GPIO) (20140424/utaddress-258)
[   15.716281] ACPI: If an ACPI driver is available for this device, you should use it instead of the native driver
[   15.716283] ACPI Warning: SystemIO range 0x0000000000000500-0x000000000000052f conflicts with OpRegion 0x0000000000000500-0x0000000000000563 (\GPIO) (20140424/utaddress-258)
[   15.716286] ACPI Warning: SystemIO range 0x0000000000000500-0x000000000000052f conflicts with OpRegion 0x0000000000000500-0x000000000000055f (\_SB_.PCI0.PEGP.DGFX.GPIO) (20140424/utaddress-258)
[   15.716289] ACPI: If an ACPI driver is available for this device, you should use it instead of the native driver
[   15.716290] lpc_ich: Resource conflict(s) found affecting gpio_ich
[   15.716481] snd_hda_intel 0000:00:1b.0: irq 59 for MSI/MSI-X
[   15.716546] [drm] initializing kernel modesetting (CAICOS 0x1002:0x6760 0x103C:0x167F).
[   15.716554] [drm] register mmio base: 0xD4A00000
[   15.716555] [drm] register mmio size: 131072
[   15.716557] vga_switcheroo: enabled
[   15.716615] ATPX version 1, functions 0x00000003
[   15.737353] sound hdaudioC0D0: autoconfig: line_outs=1 (0xd/0x0/0x0/0x0/0x0) type:speaker
[   15.737366] sound hdaudioC0D0:    speaker_outs=0 (0x0/0x0/0x0/0x0/0x0)
[   15.737368] sound hdaudioC0D0:    hp_outs=1 (0xb/0x0/0x0/0x0/0x0)
[   15.737370] sound hdaudioC0D0:    mono: mono_out=0x0
[   15.737371] sound hdaudioC0D0:    inputs:
[   15.737374] sound hdaudioC0D0:      Internal Mic=0x11
[   15.737376] sound hdaudioC0D0:      Mic=0xc
[   15.774200] input: HDA Intel PCH Mic as /devices/pci0000:00/0000:00:1b.0/sound/card0/input15
[   15.774253] input: HDA Intel PCH Front Headphone as /devices/pci0000:00/0000:00:1b.0/sound/card0/input16
[   15.774299] input: HDA Intel PCH HDMI/DP,pcm=3 as /devices/pci0000:00/0000:00:1b.0/sound/card0/input17
[   15.864241] iwlwifi 0000:25:00.0: loaded firmware version 18.168.6.1 op_mode iwldvm
[   15.877857] iwlwifi 0000:25:00.0: CONFIG_IWLWIFI_DEBUG disabled
[   15.877860] iwlwifi 0000:25:00.0: CONFIG_IWLWIFI_DEBUGFS enabled
[   15.877861] iwlwifi 0000:25:00.0: CONFIG_IWLWIFI_DEVICE_TRACING enabled
[   15.877863] iwlwifi 0000:25:00.0: Detected Intel(R) Centrino(R) Advanced-N 6230 AGN, REV=0xB0
[   15.877914] iwlwifi 0000:25:00.0: L1 Disabled - LTR Disabled
[   15.898016] ieee80211 phy0: Selected rate control algorithm 'iwl-agn-rs'
[   15.964585] audit: type=1400 audit(1422086414.323:2): apparmor="STATUS" operation="profile_load" profile="unconfined" name="/sbin/dhclient" pid=501 comm="apparmor_parser"
[   15.964591] audit: type=1400 audit(1422086414.323:3): apparmor="STATUS" operation="profile_load" profile="unconfined" name="/usr/lib/NetworkManager/nm-dhcp-client.action" pid=501 comm="apparmor_parser"
[   15.964595] audit: type=1400 audit(1422086414.323:4): apparmor="STATUS" operation="profile_load" profile="unconfined" name="/usr/lib/connman/scripts/dhclient-script" pid=501 comm="apparmor_parser"
[   15.964602] audit: type=1400 audit(1422086414.323:5): apparmor="STATUS" operation="profile_replace" profile="unconfined" name="/sbin/dhclient" pid=478 comm="apparmor_parser"
[   15.964608] audit: type=1400 audit(1422086414.323:6): apparmor="STATUS" operation="profile_replace" profile="unconfined" name="/usr/lib/NetworkManager/nm-dhcp-client.action" pid=478 comm="apparmor_parser"
[   15.964611] audit: type=1400 audit(1422086414.323:7): apparmor="STATUS" operation="profile_replace" profile="unconfined" name="/usr/lib/connman/scripts/dhclient-script" pid=478 comm="apparmor_parser"
[   15.966465] audit: type=1400 audit(1422086414.327:8): apparmor="STATUS" operation="profile_load" profile="unconfined" name="/usr/sbin/ntpd" pid=531 comm="apparmor_parser"
[   15.966473] audit: type=1400 audit(1422086414.327:9): apparmor="STATUS" operation="profile_replace" profile="unconfined" name="/usr/sbin/ntpd" pid=532 comm="apparmor_parser"
[   16.225446] cfg80211: World regulatory domain updated:
[   16.225450] cfg80211:  DFS Master region: unset
[   16.225451] cfg80211:   (start_freq - end_freq @ bandwidth), (max_antenna_gain, max_eirp), (dfs_cac_time)
[   16.225454] cfg80211:   (2402000 KHz - 2472000 KHz @ 40000 KHz), (300 mBi, 2000 mBm), (N/A)
[   16.225457] cfg80211:   (2457000 KHz - 2482000 KHz @ 40000 KHz), (300 mBi, 2000 mBm), (N/A)
[   16.225459] cfg80211:   (2474000 KHz - 2494000 KHz @ 20000 KHz), (300 mBi, 2000 mBm), (N/A)
[   16.225462] cfg80211:   (5170000 KHz - 5250000 KHz @ 40000 KHz), (300 mBi, 2000 mBm), (N/A)
[   16.225464] cfg80211:   (5735000 KHz - 5835000 KHz @ 40000 KHz), (300 mBi, 2000 mBm), (N/A)
[   16.581897] input: HP WMI hotkeys as /devices/virtual/input/input18
[   16.797475] [drm] Enabling RC6 states: RC6 on, RC6p off, RC6pp off
[   17.185350] Bluetooth: Core ver 2.19
[   17.185367] NET: Registered protocol family 31
[   17.185369] Bluetooth: HCI device and connection manager initialized
[   17.185378] Bluetooth: HCI socket layer initialized
[   17.185380] Bluetooth: L2CAP socket layer initialized
[   17.185390] Bluetooth: SCO socket layer initialized
[   17.235398] usbcore: registered new interface driver btusb
[   17.283638] media: Linux media interface: v0.10
[   17.286926] Linux video capture interface: v2.00
[   17.342474] uvcvideo: Found UVC 1.00 device HP HD Webcam [Fixed] (04f2:b230)
[   17.561197] input: HP HD Webcam [Fixed] as /devices/pci0000:00/0000:00:1d.0/usb2/2-1/2-1.4/2-1.4:1.0/input/input19
[   17.561271] usbcore: registered new interface driver uvcvideo
[   17.561272] USB Video Class driver (1.1.1)
[   18.037001] ATOM BIOS: HP/IEC
[   18.037054] [drm] GPU not posted. posting now...
[   18.040185] radeon 0000:01:00.0: VRAM: 512M 0x0000000000000000 - 0x000000001FFFFFFF (512M used)
[   18.040187] radeon 0000:01:00.0: GTT: 1024M 0x0000000020000000 - 0x000000005FFFFFFF
[   18.040188] [drm] Detected VRAM RAM=512M, BAR=256M
[   18.040189] [drm] RAM width 64bits DDR
[   18.040250] [TTM] Zone  kernel: Available graphics memory: 1989878 kiB
[   18.040259] [TTM] Initializing pool allocator
[   18.040262] [TTM] Initializing DMA pool allocator
[   18.040277] [drm] radeon: 512M of VRAM memory ready
[   18.040278] [drm] radeon: 1024M of GTT memory ready.
[   18.040287] [drm] Loading CAICOS Microcode
[   18.438289] [drm] Internal thermal controller without fan control
[   18.443177] [drm] radeon: dpm initialized
[   18.476060] [drm] GART: num cpu pages 262144, num gpu pages 262144
[   18.476736] [drm] enabling PCIE gen 2 link speeds, disable with radeon.pcie_gen2=0
[   18.479294] [drm] PCIE GART of 1024M enabled (table at 0x0000000000273000).
[   18.479399] radeon 0000:01:00.0: WB enabled
[   18.479402] radeon 0000:01:00.0: fence driver on ring 0 use gpu addr 0x0000000020000c00 and cpu addr 0xffff88014318fc00
[   18.479403] radeon 0000:01:00.0: fence driver on ring 3 use gpu addr 0x0000000020000c0c and cpu addr 0xffff88014318fc0c
[   18.480861] radeon 0000:01:00.0: fence driver on ring 5 use gpu addr 0x0000000000072118 and cpu addr 0xffffc90010fb2118
[   18.480862] [drm] Supports vblank timestamp caching Rev 2 (21.10.2013).
[   18.480863] [drm] Driver supports precise vblank timestamp query.
[   18.480888] radeon 0000:01:00.0: irq 60 for MSI/MSI-X
[   18.480900] radeon 0000:01:00.0: radeon: using MSI.
[   18.480946] [drm] radeon: irq initialized.
[   18.497411] [drm] ring test on 0 succeeded in 3 usecs
[   18.497421] [drm] ring test on 3 succeeded in 6 usecs
[   18.683024] [drm] ring test on 5 succeeded in 2 usecs
[   18.683034] [drm] UVD initialized successfully.
[   18.683271] [drm] ib test on ring 0 succeeded in 0 usecs
[   18.683345] [drm] ib test on ring 3 succeeded in 0 usecs
[   18.834515] [drm] ib test on ring 5 succeeded
[   18.834996] [drm] Radeon Display Connectors
[   18.834999] [drm] Connector 0:
[   18.835000] [drm]   VGA-2
[   18.835002] [drm]   DDC: 0x64d8 0x64d8 0x64dc 0x64dc 0x64e0 0x64e0 0x64e4 0x64e4
[   18.835003] [drm]   Encoders:
[   18.835004] [drm]     CRT1: INTERNAL_KLDSCP_DAC1
[   18.916718] radeon 0000:01:00.0: No connectors reported connected with modes
[   18.916723] [drm] Cannot find any crtc or sizes - going 1024x768
[   18.918736] [drm] fb mappable at 0xB0474000
[   18.918737] [drm] vram apper at 0xB0000000
[   18.918738] [drm] size 3145728
[   18.918739] [drm] fb depth is 24
[   18.918740] [drm]    pitch is 4096
[   18.918870] radeon 0000:01:00.0: fb1: radeondrmfb frame buffer device
[   18.919124] [drm] Initialized radeon 2.39.0 20080528 for 0000:01:00.0 on minor 1
[   19.610893] EXT4-fs (sda9): mounted filesystem with ordered data mode. Opts: (null)
[   21.246742] init: Error while reading from descriptor: Broken pipe
[   21.250026] init: failsafe main process (852) killed by TERM signal
[   21.990636] audit: type=1400 audit(1422086420.351:10): apparmor="STATUS" operation="profile_load" profile="unconfined" name="/usr/lib/lightdm/lightdm-guest-session" pid=977 comm="apparmor_parser"
[   21.990644] audit: type=1400 audit(1422086420.351:11): apparmor="STATUS" operation="profile_load" profile="unconfined" name="chromium" pid=977 comm="apparmor_parser"
[   21.992301] audit: type=1400 audit(1422086420.355:12): apparmor="STATUS" operation="profile_load" profile="unconfined" name="/usr/lib/x86_64-linux-gnu/lightdm-remote-session-freerdp/freerdp-session-wrapper" pid=977 comm="apparmor_parser"
[   21.992305] audit: type=1400 audit(1422086420.355:13): apparmor="STATUS" operation="profile_load" profile="unconfined" name="chromium" pid=977 comm="apparmor_parser"
[   21.993904] audit: type=1400 audit(1422086420.355:14): apparmor="STATUS" operation="profile_load" profile="unconfined" name="/usr/lib/x86_64-linux-gnu/lightdm-remote-session-uccsconfigure/uccsconfigure-session-wrapper" pid=977 comm="apparmor_parser"
[   21.993908] audit: type=1400 audit(1422086420.355:15): apparmor="STATUS" operation="profile_load" profile="unconfined" name="chromium" pid=977 comm="apparmor_parser"
[   21.995013] audit: type=1400 audit(1422086420.355:16): apparmor="STATUS" operation="profile_replace" profile="unconfined" name="/sbin/dhclient" pid=977 comm="apparmor_parser"
[   21.995018] audit: type=1400 audit(1422086420.355:17): apparmor="STATUS" operation="profile_replace" profile="unconfined" name="/usr/lib/NetworkManager/nm-dhcp-client.action" pid=977 comm="apparmor_parser"
[   21.995021] audit: type=1400 audit(1422086420.355:18): apparmor="STATUS" operation="profile_replace" profile="unconfined" name="/usr/lib/connman/scripts/dhclient-script" pid=977 comm="apparmor_parser"
[   21.995721] audit: type=1400 audit(1422086420.359:19): apparmor="STATUS" operation="profile_load" profile="unconfined" name="system_tor" pid=977 comm="apparmor_parser"
[   22.594814] init: cups main process (1097) killed by HUP signal
[   22.594825] init: cups main process ended, respawning
[   22.643316] Bluetooth: BNEP (Ethernet Emulation) ver 1.3
[   22.643320] Bluetooth: BNEP filters: protocol multicast
[   22.643328] Bluetooth: BNEP socket layer initialized
[   22.647544] Bluetooth: RFCOMM TTY layer initialized
[   22.647554] Bluetooth: RFCOMM socket layer initialized
[   22.647560] Bluetooth: RFCOMM ver 1.11
[   23.458169] systemd-logind[1153]: New seat seat0.
[   23.471915] systemd-logind[1153]: Watching system buttons on /dev/input/event2 (Power Button)
[   23.471962] systemd-logind[1153]: Watching system buttons on /dev/input/event7 (Video Bus)
[   23.472004] systemd-logind[1153]: Watching system buttons on /dev/input/event6 (Video Bus)
[   23.472043] systemd-logind[1153]: Watching system buttons on /dev/input/event1 (Lid Switch)
[   23.472081] systemd-logind[1153]: Watching system buttons on /dev/input/event0 (Sleep Button)
[   23.508704] iwlwifi 0000:25:00.0: L1 Disabled - LTR Disabled
[   23.515468] iwlwifi 0000:25:00.0: Radio type=0x1-0x2-0x0
[   23.789923] iwlwifi 0000:25:00.0: L1 Disabled - LTR Disabled
[   23.800785] iwlwifi 0000:25:00.0: Radio type=0x1-0x2-0x0
[   23.880752] IPv6: ADDRCONF(NETDEV_UP): wlan0: link is not ready
[   24.410341] r8169 0000:26:00.0 eth0: link down
[   24.410376] IPv6: ADDRCONF(NETDEV_UP): eth0: link is not ready
[   24.967903] Non-volatile memory driver v1.3
[   27.627883] wlan0: authenticate with 9c:d6:43:d5:79:90
[   27.632756] wlan0: send auth to 9c:d6:43:d5:79:90 (try 1/3)
[   27.637676] wlan0: authenticated
[   27.641399] wlan0: associate with 9c:d6:43:d5:79:90 (try 1/3)
[   27.645558] wlan0: RX AssocResp from 9c:d6:43:d5:79:90 (capab=0x431 status=0 aid=5)
[   27.653522] wlan0: associated
[   27.653546] IPv6: ADDRCONF(NETDEV_CHANGE): wlan0: link becomes ready
[   44.930089] init: plymouth-upstart-bridge main process ended, respawning
[   44.933713] init: plymouth-upstart-bridge main process (2319) killed by TERM signal
[   45.043373] systemd-logind[1153]: Failed to start unit user@111.service: Unknown unit: user@111.service
[   45.043379] systemd-logind[1153]: Failed to start user service: Unknown unit: user@111.service
[   45.046328] systemd-logind[1153]: New session c1 of user lightdm.
[   45.046346] systemd-logind[1153]: Linked /tmp/.X11-unix/X0 to /run/user/111/X11-display.
[   51.876561] systemd-logind[1153]: Failed to start unit user@1000.service: Unknown unit: user@1000.service
[   51.876568] systemd-logind[1153]: Failed to start user service: Unknown unit: user@1000.service
[   51.879346] systemd-logind[1153]: New session c2 of user shivekkhurana.
[   51.879360] systemd-logind[1153]: Linked /tmp/.X11-unix/X0 to /run/user/1000/X11-display.
[   52.559314] audit_printk_skb: 72 callbacks suppressed
[   52.559318] audit: type=1400 audit(1422086450.932:44): apparmor="STATUS" operation="profile_replace" profile="unconfined" name="/usr/lib/cups/backend/cups-pdf" pid=2818 comm="apparmor_parser"
[   52.559325] audit: type=1400 audit(1422086450.932:45): apparmor="STATUS" operation="profile_replace" profile="unconfined" name="/usr/sbin/cupsd" pid=2818 comm="apparmor_parser"
[   52.572836] audit: type=1400 audit(1422086450.948:46): apparmor="STATUS" operation="profile_replace" profile="unconfined" name="third_party" pid=2818 comm="apparmor_parser"
[  163.626755] systemd-logind[1153]: Power key pressed.
[  179.771628] systemd-logind[1153]: New session c3 of user shivekkhurana.
[  184.688635] Watchdog[3437]: segfault at 0 ip 00007fa6a194b5c6 sp 00007fa69166b770 error 6 in chrome[7fa69dc5c000+510c000]
[  199.204550] Watchdog[4021]: segfault at 0 ip 00007fd1d01ae5c6 sp 00007fd1bfece770 error 6 in chrome[7fd1cc4bf000+510c000]
[  202.123478] init: tty1 main process ended, respawning
[  208.797867] systemd-logind[1153]: New session c4 of user lightdm.
[  212.715710] systemd-logind[1153]: New session c5 of user shivekkhurana.
[ 4022.273718] systemd-hostnamed[6799]: Warning: nss-myhostname is not installed. Changing the local hostname might make it unresolveable. Please install nss-myhostname!
[ 4607.892085] wlan0: deauthenticating from 9c:d6:43:d5:79:90 by local choice (Reason: 3=DEAUTH_LEAVING)
[ 4607.912912] cfg80211: Calling CRDA to update world regulatory domain
[ 4608.146850] cfg80211: World regulatory domain updated:
[ 4608.146858] cfg80211:  DFS Master region: unset
[ 4608.146860] cfg80211:   (start_freq - end_freq @ bandwidth), (max_antenna_gain, max_eirp), (dfs_cac_time)
[ 4608.146865] cfg80211:   (2402000 KHz - 2472000 KHz @ 40000 KHz), (300 mBi, 2000 mBm), (N/A)
[ 4608.146868] cfg80211:   (2457000 KHz - 2482000 KHz @ 40000 KHz), (300 mBi, 2000 mBm), (N/A)
[ 4608.146872] cfg80211:   (2474000 KHz - 2494000 KHz @ 20000 KHz), (300 mBi, 2000 mBm), (N/A)
[ 4608.146875] cfg80211:   (5170000 KHz - 5250000 KHz @ 40000 KHz), (300 mBi, 2000 mBm), (N/A)
[ 4608.146878] cfg80211:   (5735000 KHz - 5835000 KHz @ 40000 KHz), (300 mBi, 2000 mBm), (N/A)
[ 4611.503518] wlan0: authenticate with 2c:b0:5d:48:f2:b2
[ 4611.507970] wlan0: send auth to 2c:b0:5d:48:f2:b2 (try 1/3)
[ 4611.519360] wlan0: authenticated
[ 4611.520353] wlan0: associate with 2c:b0:5d:48:f2:b2 (try 1/3)
[ 4611.523258] wlan0: RX AssocResp from 2c:b0:5d:48:f2:b2 (capab=0x11 status=0 aid=40)
[ 4611.532984] wlan0: associated
[ 4663.182529] systemd-hostnamed[8438]: Warning: nss-myhostname is not installed. Changing the local hostname might make it unresolveable. Please install nss-myhostname!
[ 6851.294688] systemd-hostnamed[8877]: Warning: nss-myhostname is not installed. Changing the local hostname might make it unresolveable. Please install nss-myhostname!
[ 6889.507146] systemd-logind[1153]: Power key pressed.
[ 6891.210283] wlan0: deauthenticating from 2c:b0:5d:48:f2:b2 by local choice (Reason: 3=DEAUTH_LEAVING)
[ 6891.214154] cfg80211: Calling CRDA to update world regulatory domain
[ 6891.220859] cfg80211: World regulatory domain updated:
[ 6891.220867] cfg80211:  DFS Master region: unset
[ 6891.220869] cfg80211:   (start_freq - end_freq @ bandwidth), (max_antenna_gain, max_eirp), (dfs_cac_time)
[ 6891.220875] cfg80211:   (2402000 KHz - 2472000 KHz @ 40000 KHz), (300 mBi, 2000 mBm), (N/A)
[ 6891.220879] cfg80211:   (2457000 KHz - 2482000 KHz @ 40000 KHz), (300 mBi, 2000 mBm), (N/A)
[ 6891.220883] cfg80211:   (2474000 KHz - 2494000 KHz @ 20000 KHz), (300 mBi, 2000 mBm), (N/A)
[ 6891.220887] cfg80211:   (5170000 KHz - 5250000 KHz @ 40000 KHz), (300 mBi, 2000 mBm), (N/A)
[ 6891.220891] cfg80211:   (5735000 KHz - 5835000 KHz @ 40000 KHz), (300 mBi, 2000 mBm), (N/A)
[ 6893.027435] PM: Syncing filesystems ... done.
[ 6893.187802] PM: Preparing system for mem sleep
[ 6894.021030] Freezing user space processes ... (elapsed 0.020 seconds) done.
[ 6894.041513] Freezing remaining freezable tasks ... (elapsed 0.001 seconds) done.
[ 6894.042599] PM: Entering mem sleep
[ 6894.042665] Suspending console(s) (use no_console_suspend to debug)
[ 6894.043026] sd 0:0:0:0: [sda] Synchronizing SCSI cache
[ 6894.043396] sd 0:0:0:0: [sda] Stopping disk
[ 6894.677078] PM: suspend of devices complete after 634.499 msecs
[ 6894.693037] PM: late suspend of devices complete after 15.962 msecs
[ 6894.693473] pcieport 0000:00:1c.7: System wakeup enabled by ACPI
[ 6894.693613] ehci-pci 0000:00:1d.0: System wakeup enabled by ACPI
[ 6894.693744] ehci-pci 0000:00:1a.0: System wakeup enabled by ACPI
[ 6894.709082] PM: noirq suspend of devices complete after 16.049 msecs
[ 6894.709336] ACPI: Preparing to enter system sleep state S3
[ 6894.710043] PM: Saving platform NVS memory
[ 6894.710599] Disabling non-boot CPUs ...
[ 6894.710625] intel_pstate CPU 1 exiting
[ 6894.710772] Broke affinity for irq 57
[ 6894.711780] kvm: disabling virtualization on CPU1
[ 6894.812815] smpboot: CPU 1 is now offline
[ 6894.813089] intel_pstate CPU 2 exiting
[ 6894.814215] kvm: disabling virtualization on CPU2
[ 6894.916779] smpboot: CPU 2 is now offline
[ 6894.917057] intel_pstate CPU 3 exiting
[ 6894.917142] Broke affinity for irq 43
[ 6894.918159] kvm: disabling virtualization on CPU3
[ 6895.020741] smpboot: CPU 3 is now offline
[ 6895.022032] ACPI: Low-level resume complete
[ 6895.022073] PM: Restoring platform NVS memory
[ 6895.022603] Enabling non-boot CPUs ...
[ 6895.022641] x86: Booting SMP configuration:
[ 6895.022642] smpboot: Booting Node 0 Processor 1 APIC 0x1
[ 6895.033626] kvm: enabling virtualization on CPU1
[ 6895.035815] Intel pstate controlling: cpu 1
[ 6895.035857] CPU1 is up
[ 6895.035874] smpboot: Booting Node 0 Processor 2 APIC 0x2
[ 6895.046848] kvm: enabling virtualization on CPU2
[ 6895.049038] Intel pstate controlling: cpu 2
[ 6895.049079] CPU2 is up
[ 6895.049096] smpboot: Booting Node 0 Processor 3 APIC 0x3
[ 6895.060065] kvm: enabling virtualization on CPU3
[ 6895.062259] Intel pstate controlling: cpu 3
[ 6895.062312] CPU3 is up
[ 6895.065830] ACPI: Waking up from system sleep state S3
[ 6895.105302] acpi LNXPOWER:02: Turning OFF
[ 6895.105337] acpi LNXPOWER:01: Turning OFF
[ 6895.118528] ehci-pci 0000:00:1d.0: System wakeup disabled by ACPI
[ 6895.118532] ehci-pci 0000:00:1a.0: System wakeup disabled by ACPI
[ 6895.118622] pcieport 0000:00:1c.7: System wakeup disabled by ACPI
[ 6895.134394] PM: noirq resume of devices complete after 29.044 msecs
[ 6895.134694] PM: early resume of devices complete after 0.262 msecs
[ 6895.134770] mei_me 0000:00:16.0: irq 56 for MSI/MSI-X
[ 6895.137800] iwlwifi 0000:25:00.0: RF_KILL bit toggled to enable radio.
[ 6895.139391] snd_hda_intel 0000:00:1b.0: irq 59 for MSI/MSI-X
[ 6895.143580] [drm] enabling PCIE gen 2 link speeds, disable with radeon.pcie_gen2=0
[ 6895.147658] [drm] PCIE GART of 1024M enabled (table at 0x0000000000273000).
[ 6895.147753] radeon 0000:01:00.0: WB enabled
[ 6895.147755] radeon 0000:01:00.0: fence driver on ring 0 use gpu addr 0x0000000020000c00 and cpu addr 0xffff88014318fc00
[ 6895.147756] radeon 0000:01:00.0: fence driver on ring 3 use gpu addr 0x0000000020000c0c and cpu addr 0xffff88014318fc0c
[ 6895.149200] radeon 0000:01:00.0: fence driver on ring 5 use gpu addr 0x0000000000072118 and cpu addr 0xffffc90010fb2118
[ 6895.151429] sd 0:0:0:0: [sda] Starting disk
[ 6895.165464] [drm] ring test on 0 succeeded in 2 usecs
[ 6895.165476] [drm] ring test on 3 succeeded in 6 usecs
[ 6895.238299] [drm] Wrong MCH_SSKPD value: 0x16040307
[ 6895.238299] [drm] This can cause pipe underruns and display issues.
[ 6895.238300] [drm] Please upgrade your BIOS to fix this.
[ 6895.351053] [drm] ring test on 5 succeeded in 2 usecs
[ 6895.351061] [drm] UVD initialized successfully.
[ 6895.351138] [drm] ib test on ring 0 succeeded in 0 usecs
[ 6895.351214] [drm] ib test on ring 3 succeeded in 0 usecs
[ 6895.362350] usb 2-1.4: reset high-speed USB device number 3 using ehci-pci
[ 6895.502334] [drm] ib test on ring 5 succeeded
[ 6895.526306] usb 2-1.6: reset full-speed USB device number 4 using ehci-pci
[ 6895.534131] ata2: SATA link up 1.5 Gbps (SStatus 113 SControl 300)
[ 6895.612979] ata2.00: ACPI cmd 00/00:00:00:00:00:a0 (NOP) rejected by device (Stat=0x51 Err=0x04)
[ 6895.625232] ata2.00: ACPI cmd 00/00:00:00:00:00:a0 (NOP) rejected by device (Stat=0x51 Err=0x04)
[ 6895.625243] ata2.00: configured for UDMA/100
[ 6895.713817] PM: resume of devices complete after 579.324 msecs
[ 6895.714289] PM: Finishing wakeup.
[ 6895.714290] Restarting tasks ... 
[ 6895.714349] acpi PNP0501:00: Still not present
[ 6895.714437] i915 0000:00:02.0: BAR 6: [??? 0x00000000 flags 0x2] has bogus alignment
[ 6895.714792] i915 0000:00:02.0: BAR 6: [??? 0x00000000 flags 0x2] has bogus alignment
[ 6895.715179] done.
[ 6895.977517] video LNXVIDEO:00: Restoring backlight state
[ 6895.977723] video LNXVIDEO:01: Restoring backlight state
[ 6896.389861] [drm] Enabling RC6 states: RC6 on, RC6p off, RC6pp off
[ 6897.845347] ata1: SATA link up 3.0 Gbps (SStatus 123 SControl 300)
[ 6897.846286] ata1.00: ACPI cmd 00/00:00:00:00:00:a0 (NOP) rejected by device (Stat=0x51 Err=0x04)
[ 6897.847372] ata1.00: ACPI cmd 00/00:00:00:00:00:a0 (NOP) rejected by device (Stat=0x51 Err=0x04)
[ 6897.847433] ata1.00: configured for UDMA/100
[ 6899.324580] systemd-logind[1153]: Operation finished.
[ 6899.325799] iwlwifi 0000:25:00.0: L1 Disabled - LTR Disabled
[ 6899.332686] iwlwifi 0000:25:00.0: Radio type=0x1-0x2-0x0
[ 6899.418501] IPv6: ADDRCONF(NETDEV_UP): wlan0: link is not ready
[ 6899.560600] r8169 0000:26:00.0 eth0: link down
[ 6899.560638] IPv6: ADDRCONF(NETDEV_UP): eth0: link is not ready
[ 6902.860833] wlan0: authenticate with bc:f6:85:fe:33:e0
[ 6902.868156] wlan0: send auth to bc:f6:85:fe:33:e0 (try 1/3)
[ 6902.893577] wlan0: send auth to bc:f6:85:fe:33:e0 (try 2/3)
[ 6902.967175] wlan0: authenticated
[ 6902.967502] wlan0: associate with bc:f6:85:fe:33:e0 (try 1/3)
[ 6903.039582] wlan0: associate with bc:f6:85:fe:33:e0 (try 2/3)
[ 6903.043698] wlan0: RX AssocResp from bc:f6:85:fe:33:e0 (capab=0x431 status=0 aid=8)
[ 6903.047813] wlan0: associated
[ 6903.047876] IPv6: ADDRCONF(NETDEV_CHANGE): wlan0: link becomes ready
[ 6907.520649] wlan0: deauthenticating from bc:f6:85:fe:33:e0 by local choice (Reason: 3=DEAUTH_LEAVING)
[ 6907.564228] cfg80211: Calling CRDA to update world regulatory domain
[ 6907.584393] cfg80211: World regulatory domain updated:
[ 6907.584398] cfg80211:  DFS Master region: unset
[ 6907.584400] cfg80211:   (start_freq - end_freq @ bandwidth), (max_antenna_gain, max_eirp), (dfs_cac_time)
[ 6907.584404] cfg80211:   (2402000 KHz - 2472000 KHz @ 40000 KHz), (300 mBi, 2000 mBm), (N/A)
[ 6907.584407] cfg80211:   (2457000 KHz - 2482000 KHz @ 40000 KHz), (300 mBi, 2000 mBm), (N/A)
[ 6907.584410] cfg80211:   (2474000 KHz - 2494000 KHz @ 20000 KHz), (300 mBi, 2000 mBm), (N/A)
[ 6907.584413] cfg80211:   (5170000 KHz - 5250000 KHz @ 40000 KHz), (300 mBi, 2000 mBm), (N/A)
[ 6907.584415] cfg80211:   (5735000 KHz - 5835000 KHz @ 40000 KHz), (300 mBi, 2000 mBm), (N/A)
[ 6910.822198] wlan0: authenticate with 2c:b0:5d:48:f2:b2
[ 6910.825688] wlan0: send auth to 2c:b0:5d:48:f2:b2 (try 1/3)
[ 6910.828528] wlan0: authenticated
[ 6910.832754] wlan0: associate with 2c:b0:5d:48:f2:b2 (try 1/3)
[ 6910.835545] wlan0: RX AssocResp from 2c:b0:5d:48:f2:b2 (capab=0x11 status=0 aid=40)
[ 6910.837949] wlan0: associated
[ 6910.855330] wlan0: deauthenticating from 2c:b0:5d:48:f2:b2 by local choice (Reason: 2=PREV_AUTH_NOT_VALID)
[ 6910.857553] wlan0: authenticate with 2c:b0:5d:48:f2:b2
[ 6910.864103] wlan0: send auth to 2c:b0:5d:48:f2:b2 (try 1/3)
[ 6910.864236] cfg80211: Calling CRDA to update world regulatory domain
[ 6910.865942] wlan0: authenticated
[ 6910.868737] wlan0: associate with 2c:b0:5d:48:f2:b2 (try 1/3)
[ 6910.871469] wlan0: RX AssocResp from 2c:b0:5d:48:f2:b2 (capab=0x11 status=0 aid=40)
[ 6910.873722] wlan0: associated
[ 6910.884891] cfg80211: World regulatory domain updated:
[ 6910.884895] cfg80211:  DFS Master region: unset
[ 6910.884896] cfg80211:   (start_freq - end_freq @ bandwidth), (max_antenna_gain, max_eirp), (dfs_cac_time)
[ 6910.884899] cfg80211:   (2402000 KHz - 2472000 KHz @ 40000 KHz), (300 mBi, 2000 mBm), (N/A)
[ 6910.884900] cfg80211:   (2457000 KHz - 2482000 KHz @ 40000 KHz), (300 mBi, 2000 mBm), (N/A)
[ 6910.884902] cfg80211:   (2474000 KHz - 2494000 KHz @ 20000 KHz), (300 mBi, 2000 mBm), (N/A)
[ 6910.884903] cfg80211:   (5170000 KHz - 5250000 KHz @ 40000 KHz), (300 mBi, 2000 mBm), (N/A)
[ 6910.884905] cfg80211:   (5735000 KHz - 5835000 KHz @ 40000 KHz), (300 mBi, 2000 mBm), (N/A)
[ 6972.990046] [drm] enabling PCIE gen 2 link speeds, disable with radeon.pcie_gen2=0
[ 6972.995938] [drm] PCIE GART of 1024M enabled (table at 0x0000000000273000).
[ 6972.996062] radeon 0000:01:00.0: WB enabled
[ 6972.996069] radeon 0000:01:00.0: fence driver on ring 0 use gpu addr 0x0000000020000c00 and cpu addr 0xffff88014318fc00
[ 6972.996074] radeon 0000:01:00.0: fence driver on ring 3 use gpu addr 0x0000000020000c0c and cpu addr 0xffff88014318fc0c
[ 6972.997522] radeon 0000:01:00.0: fence driver on ring 5 use gpu addr 0x0000000000072118 and cpu addr 0xffffc90010fb2118
[ 6973.014006] [drm] ring test on 0 succeeded in 2 usecs
[ 6973.014030] [drm] ring test on 3 succeeded in 5 usecs
[ 6973.199722] [drm] ring test on 5 succeeded in 2 usecs
[ 6973.199732] [drm] UVD initialized successfully.
[ 6973.199812] [drm] ib test on ring 0 succeeded in 0 usecs
[ 6973.199887] [drm] ib test on ring 3 succeeded in 0 usecs
[ 6973.351044] [drm] ib test on ring 5 succeeded
[ 7211.601794] systemd-hostnamed[10638]: Warning: nss-myhostname is not installed. Changing the local hostname might make it unresolveable. Please install nss-myhostname!
[ 7334.561131] systemd-logind[1153]: Power key pressed.
[ 7336.511281] wlan0: deauthenticating from 2c:b0:5d:48:f2:b2 by local choice (Reason: 3=DEAUTH_LEAVING)
[ 7336.516854] cfg80211: Calling CRDA to update world regulatory domain
[ 7336.523083] cfg80211: World regulatory domain updated:
[ 7336.523094] cfg80211:  DFS Master region: unset
[ 7336.523098] cfg80211:   (start_freq - end_freq @ bandwidth), (max_antenna_gain, max_eirp), (dfs_cac_time)
[ 7336.523110] cfg80211:   (2402000 KHz - 2472000 KHz @ 40000 KHz), (300 mBi, 2000 mBm), (N/A)
[ 7336.523118] cfg80211:   (2457000 KHz - 2482000 KHz @ 40000 KHz), (300 mBi, 2000 mBm), (N/A)
[ 7336.523127] cfg80211:   (2474000 KHz - 2494000 KHz @ 20000 KHz), (300 mBi, 2000 mBm), (N/A)
[ 7336.523134] cfg80211:   (5170000 KHz - 5250000 KHz @ 40000 KHz), (300 mBi, 2000 mBm), (N/A)
[ 7336.523142] cfg80211:   (5735000 KHz - 5835000 KHz @ 40000 KHz), (300 mBi, 2000 mBm), (N/A)
[ 7337.493602] PM: Syncing filesystems ... done.
[ 7337.632213] PM: Preparing system for mem sleep
[ 7338.378558] Freezing user space processes ... (elapsed 0.004 seconds) done.
[ 7338.383041] Freezing remaining freezable tasks ... (elapsed 0.001 seconds) done.
[ 7338.384277] PM: Entering mem sleep
[ 7338.384359] Suspending console(s) (use no_console_suspend to debug)
[ 7338.384749] sd 0:0:0:0: [sda] Synchronizing SCSI cache
[ 7338.384836] sd 0:0:0:0: [sda] Stopping disk
[ 7339.021455] PM: suspend of devices complete after 637.189 msecs
[ 7339.037457] PM: late suspend of devices complete after 16.004 msecs
[ 7339.037917] pcieport 0000:00:1c.7: System wakeup enabled by ACPI
[ 7339.038064] ehci-pci 0000:00:1d.0: System wakeup enabled by ACPI
[ 7339.038185] ehci-pci 0000:00:1a.0: System wakeup enabled by ACPI
[ 7339.053552] PM: noirq suspend of devices complete after 16.098 msecs
[ 7339.053816] ACPI: Preparing to enter system sleep state S3
[ 7339.054522] PM: Saving platform NVS memory
[ 7339.055092] Disabling non-boot CPUs ...
[ 7339.055126] intel_pstate CPU 1 exiting
[ 7339.056271] kvm: disabling virtualization on CPU1
[ 7339.157253] smpboot: CPU 1 is now offline
[ 7339.157628] intel_pstate CPU 2 exiting
[ 7339.158757] kvm: disabling virtualization on CPU2
[ 7339.261252] smpboot: CPU 2 is now offline
[ 7339.261577] intel_pstate CPU 3 exiting
[ 7339.262675] kvm: disabling virtualization on CPU3
[ 7339.365168] smpboot: CPU 3 is now offline
[ 7339.366553] ACPI: Low-level resume complete
[ 7339.366594] PM: Restoring platform NVS memory
[ 7339.367149] Enabling non-boot CPUs ...
[ 7339.367186] x86: Booting SMP configuration:
[ 7339.367187] smpboot: Booting Node 0 Processor 1 APIC 0x1
[ 7339.378170] kvm: enabling virtualization on CPU1
[ 7339.380356] Intel pstate controlling: cpu 1
[ 7339.380398] CPU1 is up
[ 7339.380415] smpboot: Booting Node 0 Processor 2 APIC 0x2
[ 7339.391391] kvm: enabling virtualization on CPU2
[ 7339.393569] Intel pstate controlling: cpu 2
[ 7339.393608] CPU2 is up
[ 7339.393623] smpboot: Booting Node 0 Processor 3 APIC 0x3
[ 7339.404592] kvm: enabling virtualization on CPU3
[ 7339.406803] Intel pstate controlling: cpu 3
[ 7339.406841] CPU3 is up
[ 7339.410357] ACPI: Waking up from system sleep state S3
[ 7339.449578] acpi LNXPOWER:02: Turning OFF
[ 7339.449613] acpi LNXPOWER:01: Turning OFF
[ 7339.462906] ehci-pci 0000:00:1a.0: System wakeup disabled by ACPI
[ 7339.462928] ehci-pci 0000:00:1d.0: System wakeup disabled by ACPI
[ 7339.463563] pcieport 0000:00:1c.7: System wakeup disabled by ACPI
[ 7339.478825] PM: noirq resume of devices complete after 29.198 msecs
[ 7339.479126] PM: early resume of devices complete after 0.261 msecs
[ 7339.479206] mei_me 0000:00:16.0: irq 56 for MSI/MSI-X
[ 7339.479583] mei_me 0000:00:16.0: less data available than length=00000005.
[ 7339.479764] iwlwifi 0000:25:00.0: RF_KILL bit toggled to enable radio.
[ 7339.483568] snd_hda_intel 0000:00:1b.0: irq 59 for MSI/MSI-X
[ 7339.488227] [drm] enabling PCIE gen 2 link speeds, disable with radeon.pcie_gen2=0
[ 7339.490764] sd 0:0:0:0: [sda] Starting disk
[ 7339.492472] [drm] PCIE GART of 1024M enabled (table at 0x0000000000273000).
[ 7339.492565] radeon 0000:01:00.0: WB enabled
[ 7339.492567] radeon 0000:01:00.0: fence driver on ring 0 use gpu addr 0x0000000020000c00 and cpu addr 0xffff88014318fc00
[ 7339.492569] radeon 0000:01:00.0: fence driver on ring 3 use gpu addr 0x0000000020000c0c and cpu addr 0xffff88014318fc0c
[ 7339.494013] radeon 0000:01:00.0: fence driver on ring 5 use gpu addr 0x0000000000072118 and cpu addr 0xffffc90010fb2118
[ 7339.510284] [drm] ring test on 0 succeeded in 2 usecs
[ 7339.510294] [drm] ring test on 3 succeeded in 6 usecs
[ 7339.586729] [drm] Wrong MCH_SSKPD value: 0x16040307
[ 7339.586729] [drm] This can cause pipe underruns and display issues.
[ 7339.586730] [drm] Please upgrade your BIOS to fix this.
[ 7339.694729] usb 2-1.4: reset high-speed USB device number 3 using ehci-pci
[ 7339.695866] [drm] ring test on 5 succeeded in 2 usecs
[ 7339.695874] [drm] UVD initialized successfully.
[ 7339.695950] [drm] ib test on ring 0 succeeded in 0 usecs
[ 7339.696026] [drm] ib test on ring 3 succeeded in 0 usecs
[ 7339.810588] ata2: SATA link up 1.5 Gbps (SStatus 113 SControl 300)
[ 7339.817953] ata2.00: ACPI cmd 00/00:00:00:00:00:a0 (NOP) rejected by device (Stat=0x51 Err=0x04)
[ 7339.829967] ata2.00: ACPI cmd 00/00:00:00:00:00:a0 (NOP) rejected by device (Stat=0x51 Err=0x04)
[ 7339.829971] ata2.00: configured for UDMA/100
[ 7339.847160] [drm] ib test on ring 5 succeeded
[ 7339.858693] usb 2-1.6: reset full-speed USB device number 4 using ehci-pci
[ 7340.028217] PM: resume of devices complete after 549.282 msecs
[ 7340.029275] PM: Finishing wakeup.
[ 7340.029277] Restarting tasks ... 
[ 7340.029337] acpi PNP0501:00: Still not present
[ 7340.029425] i915 0000:00:02.0: BAR 6: [??? 0x00000000 flags 0x2] has bogus alignment
[ 7340.031184] i915 0000:00:02.0: BAR 6: [??? 0x00000000 flags 0x2] has bogus alignment
[ 7340.034495] done.
[ 7340.321700] video LNXVIDEO:00: Restoring backlight state
[ 7340.321887] video LNXVIDEO:01: Restoring backlight state
[ 7341.198151] [drm] Enabling RC6 states: RC6 on, RC6p off, RC6pp off
[ 7342.165850] ata1: SATA link up 3.0 Gbps (SStatus 123 SControl 300)
[ 7342.166907] ata1.00: ACPI cmd 00/00:00:00:00:00:a0 (NOP) rejected by device (Stat=0x51 Err=0x04)
[ 7342.167965] ata1.00: ACPI cmd 00/00:00:00:00:00:a0 (NOP) rejected by device (Stat=0x51 Err=0x04)
[ 7342.168049] ata1.00: configured for UDMA/100
[ 7342.910483] init: anacron main process (11355) killed by TERM signal
[ 7342.935924] systemd-logind[1153]: Operation finished.
[ 7342.937511] iwlwifi 0000:25:00.0: L1 Disabled - LTR Disabled
[ 7342.944205] iwlwifi 0000:25:00.0: Radio type=0x1-0x2-0x0
[ 7343.028154] IPv6: ADDRCONF(NETDEV_UP): wlan0: link is not ready
[ 7343.185268] r8169 0000:26:00.0 eth0: link down
[ 7343.185310] IPv6: ADDRCONF(NETDEV_UP): eth0: link is not ready
[ 7349.464774] wlan0: authenticate with 6c:19:8f:59:18:cd
[ 7349.469575] wlan0: send auth to 6c:19:8f:59:18:cd (try 1/3)
[ 7349.471984] wlan0: authenticated
[ 7349.475196] wlan0: associate with 6c:19:8f:59:18:cd (try 1/3)
[ 7349.483745] wlan0: RX AssocResp from 6c:19:8f:59:18:cd (capab=0x411 status=0 aid=4)
[ 7349.495941] wlan0: associated
[ 7349.496004] IPv6: ADDRCONF(NETDEV_CHANGE): wlan0: link becomes ready
[ 7369.238691] [drm] enabling PCIE gen 2 link speeds, disable with radeon.pcie_gen2=0
[ 7369.245238] [drm] PCIE GART of 1024M enabled (table at 0x0000000000273000).
[ 7369.245367] radeon 0000:01:00.0: WB enabled
[ 7369.245375] radeon 0000:01:00.0: fence driver on ring 0 use gpu addr 0x0000000020000c00 and cpu addr 0xffff88014318fc00
[ 7369.245380] radeon 0000:01:00.0: fence driver on ring 3 use gpu addr 0x0000000020000c0c and cpu addr 0xffff88014318fc0c
[ 7369.246845] radeon 0000:01:00.0: fence driver on ring 5 use gpu addr 0x0000000000072118 and cpu addr 0xffffc90010fb2118
[ 7369.263298] [drm] ring test on 0 succeeded in 2 usecs
[ 7369.263312] [drm] ring test on 3 succeeded in 6 usecs
[ 7369.448955] [drm] ring test on 5 succeeded in 2 usecs
[ 7369.448965] [drm] UVD initialized successfully.
[ 7369.449044] [drm] ib test on ring 0 succeeded in 0 usecs
[ 7369.449120] [drm] ib test on ring 3 succeeded in 0 usecs
[ 7369.600327] [drm] ib test on ring 5 succeeded
[ 9523.254171] audit: type=1400 audit(1422160369.922:47): apparmor="STATUS" operation="profile_replace" profile="unconfined" name="/usr/lib/cups/backend/cups-pdf" pid=13484 comm="apparmor_parser"
[ 9523.254204] audit: type=1400 audit(1422160369.922:48): apparmor="STATUS" operation="profile_replace" profile="unconfined" name="/usr/sbin/cupsd" pid=13484 comm="apparmor_parser"
[ 9523.264327] audit: type=1400 audit(1422160369.934:49): apparmor="STATUS" operation="profile_replace" profile="unconfined" name="third_party" pid=13484 comm="apparmor_parser"
[10482.524241] systemd-hostnamed[13757]: Warning: nss-myhostname is not installed. Changing the local hostname might make it unresolveable. Please install nss-myhostname!
[15387.380645] wlan0: deauthenticating from 6c:19:8f:59:18:cd by local choice (Reason: 3=DEAUTH_LEAVING)
[15387.419592] cfg80211: Calling CRDA to update world regulatory domain
[15387.864467] cfg80211: World regulatory domain updated:
[15387.864480] cfg80211:  DFS Master region: unset
[15387.864483] cfg80211:   (start_freq - end_freq @ bandwidth), (max_antenna_gain, max_eirp), (dfs_cac_time)
[15387.864491] cfg80211:   (2402000 KHz - 2472000 KHz @ 40000 KHz), (300 mBi, 2000 mBm), (N/A)
[15387.864497] cfg80211:   (2457000 KHz - 2482000 KHz @ 40000 KHz), (300 mBi, 2000 mBm), (N/A)
[15387.864503] cfg80211:   (2474000 KHz - 2494000 KHz @ 20000 KHz), (300 mBi, 2000 mBm), (N/A)
[15387.864508] cfg80211:   (5170000 KHz - 5250000 KHz @ 40000 KHz), (300 mBi, 2000 mBm), (N/A)
[15387.864513] cfg80211:   (5735000 KHz - 5835000 KHz @ 40000 KHz), (300 mBi, 2000 mBm), (N/A)
[15395.165201] wlan0: authenticate with 6c:19:8f:59:18:cd
[15395.169118] wlan0: send auth to 6c:19:8f:59:18:cd (try 1/3)
[15395.171535] wlan0: authenticated
[15395.174072] wlan0: associate with 6c:19:8f:59:18:cd (try 1/3)
[15395.178505] wlan0: RX AssocResp from 6c:19:8f:59:18:cd (capab=0x411 status=0 aid=2)
[15395.180591] wlan0: associated
[18809.754784] systemd-hostnamed[15517]: Warning: nss-myhostname is not installed. Changing the local hostname might make it unresolveable. Please install nss-myhostname!
[19902.988637] wlan0: deauthenticating from 6c:19:8f:59:18:cd by local choice (Reason: 3=DEAUTH_LEAVING)
[19903.009383] cfg80211: Calling CRDA to update world regulatory domain
[19903.015573] cfg80211: World regulatory domain updated:
[19903.015579] cfg80211:  DFS Master region: unset
[19903.015582] cfg80211:   (start_freq - end_freq @ bandwidth), (max_antenna_gain, max_eirp), (dfs_cac_time)
[19903.015586] cfg80211:   (2402000 KHz - 2472000 KHz @ 40000 KHz), (300 mBi, 2000 mBm), (N/A)
[19903.015590] cfg80211:   (2457000 KHz - 2482000 KHz @ 40000 KHz), (300 mBi, 2000 mBm), (N/A)
[19903.015593] cfg80211:   (2474000 KHz - 2494000 KHz @ 20000 KHz), (300 mBi, 2000 mBm), (N/A)
[19903.015596] cfg80211:   (5170000 KHz - 5250000 KHz @ 40000 KHz), (300 mBi, 2000 mBm), (N/A)
[19903.015598] cfg80211:   (5735000 KHz - 5835000 KHz @ 40000 KHz), (300 mBi, 2000 mBm), (N/A)
[19905.385715] PM: Syncing filesystems ... done.
[19905.674595] PM: Preparing system for mem sleep
[19906.541217] Freezing user space processes ... (elapsed 0.048 seconds) done.
[19906.589763] Freezing remaining freezable tasks ... (elapsed 0.001 seconds) done.
[19906.591014] PM: Entering mem sleep
[19906.591082] Suspending console(s) (use no_console_suspend to debug)
[19906.591484] sd 0:0:0:0: [sda] Synchronizing SCSI cache
[19906.591560] sd 0:0:0:0: [sda] Stopping disk
[19907.290116] PM: suspend of devices complete after 699.145 msecs
[19907.306078] PM: late suspend of devices complete after 15.966 msecs
[19907.306412] pcieport 0000:00:1c.7: System wakeup enabled by ACPI
[19907.306632] ehci-pci 0000:00:1d.0: System wakeup enabled by ACPI
[19907.306736] ehci-pci 0000:00:1a.0: System wakeup enabled by ACPI
[19907.322146] PM: noirq suspend of devices complete after 16.072 msecs
[19907.322412] ACPI: Preparing to enter system sleep state S3
[19907.323116] PM: Saving platform NVS memory
[19907.323682] Disabling non-boot CPUs ...
[19907.323716] intel_pstate CPU 1 exiting
[19907.324850] kvm: disabling virtualization on CPU1
[19907.425866] smpboot: CPU 1 is now offline
[19907.426218] intel_pstate CPU 2 exiting
[19907.427346] kvm: disabling virtualization on CPU2
[19907.529794] smpboot: CPU 2 is now offline
[19907.530139] intel_pstate CPU 3 exiting
[19907.530223] Broke affinity for irq 42
[19907.530225] Broke affinity for irq 44
[19907.530226] Broke affinity for irq 45
[19907.530227] Broke affinity for irq 46
[19907.530229] Broke affinity for irq 47
[19907.530230] Broke affinity for irq 48
[19907.530232] Broke affinity for irq 49
[19907.530233] Broke affinity for irq 50
[19907.530234] Broke affinity for irq 51
[19907.530236] Broke affinity for irq 52
[19907.530237] Broke affinity for irq 53
[19907.530239] Broke affinity for irq 55
[19907.531244] kvm: disabling virtualization on CPU3
[19907.633746] smpboot: CPU 3 is now offline
[19907.635168] ACPI: Low-level resume complete
[19907.635209] PM: Restoring platform NVS memory
[19907.635765] Enabling non-boot CPUs ...
[19907.635801] x86: Booting SMP configuration:
[19907.635802] smpboot: Booting Node 0 Processor 1 APIC 0x1
[19907.646795] kvm: enabling virtualization on CPU1
[19907.648998] Intel pstate controlling: cpu 1
[19907.649041] CPU1 is up
[19907.649057] smpboot: Booting Node 0 Processor 2 APIC 0x2
[19907.660030] kvm: enabling virtualization on CPU2
[19907.662212] Intel pstate controlling: cpu 2
[19907.662251] CPU2 is up
[19907.662267] smpboot: Booting Node 0 Processor 3 APIC 0x3
[19907.673236] kvm: enabling virtualization on CPU3
[19907.675478] Intel pstate controlling: cpu 3
[19907.675522] CPU3 is up
